   nfl:2021:reg:7: HTTP Error 504: Gateway Time-out
   nfl:2021:post:3: HTTP Error 504: Gateway Time-out
   backfill: 200 pages, 833 games with splits
   ncaaf:2021:reg:5: HTTP Error 504: Gateway Time-out
   ncaaf:2024:reg:6: HTTP Error 504: Gateway Time-out
   mlb:2024-01-01: HTTP Error 504: Gateway Time-out
   ncaab:2024-01-03: HTTP Error 504: Gateway Time-out
   ncaab:2024-01-06: HTTP Error 504: Gateway Time-out
   mlb:2024-01-16: HTTP Error 504: Gateway Time-out
   backfill: 400 pages, 2039 games with splits
   nhl:2024-02-10: HTTP Error 504: Gateway Time-out
   ncaab:2024-02-15: HTTP Error 504: Gateway Time-out
   nhl:2024-02-21: HTTP Error 504: Gateway Time-out
   nhl:2024-02-28: HTTP Error 504: Gateway Time-out
   mlb:2024-02-29: HTTP Error 504: Gateway Time-out
   nba:2024-03-03: HTTP Error 504: Gateway Time-out
   nba:2024-03-16: HTTP Error 504: Gateway Time-out
   backfill: 600 pages, 2581 games with splits
   ncaab:2024-03-16: HTTP Error 504: Gateway Time-out
   nba:2024-03-22: HTTP Error 504: Gateway Time-out
   mlb:2024-03-23: HTTP Error 504: Gateway Time-out
   nhl:2024-03-23: HTTP Error 504: Gateway Time-out
   mlb:2024-03-28: HTTP Error 504: Gateway Time-out
   nba:2024-04-02: HTTP Error 504: Gateway Time-out
   mlb:2024-04-06: HTTP Error 504: Gateway Time-out
   mlb:2024-04-14: HTTP Error 504: Gateway Time-out
   nba:2024-04-15: HTTP Error 504: Gateway Time-out
   ncaab:2024-04-20: HTTP Error 504: Gateway Time-out
   mlb:2024-04-22: HTTP Error 504: Gateway Time-out
   mlb:2024-04-26: HTTP Error 504: Gateway Time-out
   ncaab:2024-04-29: HTTP Error 504: Gateway Time-out
   nhl:2024-05-04: HTTP Error 504: Gateway Time-out
   nba:2024-05-06: HTTP Error 504: Gateway Time-out
   mlb:2024-05-06: HTTP Error 504: Gateway Time-out
   mlb:2024-05-08: HTTP Error 504: Gateway Time-out
   backfill: 800 pages, 3370 games with splits
   mlb:2024-05-12: HTTP Error 504: Gateway Time-out
   ncaab:2024-05-20: HTTP Error 504: Gateway Time-out
   mlb:2024-05-31: HTTP Error 504: Gateway Time-out
   nhl:2024-06-01: HTTP Error 504: Gateway Time-out
   nhl:2024-06-08: HTTP Error 504: Gateway Time-out
   ncaab:2024-06-16: HTTP Error 504: Gateway Time-out
   mlb:2024-06-28: HTTP Error 504: Gateway Time-out
   backfill: 1000 pages, 4050 games with splits
   mlb:2024-07-20: HTTP Error 504: Gateway Time-out
   mlb:2024-07-25: HTTP Error 504: Gateway Time-out
   nhl:2024-08-02: HTTP Error 504: Gateway Time-out
   nba:2024-08-05: HTTP Error 504: Gateway Time-out
   nhl:2024-08-05: HTTP Error 504: Gateway Time-out
   mlb:2024-08-08: HTTP Error 504: Gateway Time-out
   nhl:2024-08-08: HTTP Error 504: Gateway Time-out
   nhl:2024-08-18: HTTP Error 504: Gateway Time-out
   backfill: 1200 pages, 4659 games with splits
   mlb:2024-08-22: HTTP Error 504: Gateway Time-out
   nhl:2024-09-08: HTTP Error 504: Gateway Time-out
   mlb:2024-09-24: HTTP Error 504: Gateway Time-out
   nhl:2024-09-25: HTTP Error 504: Gateway Time-out
   nhl:2024-10-06: HTTP Error 504: Gateway Time-out
   backfill: 1400 pages, 5259 games with splits
   nhl:2024-10-14: HTTP Error 504: Gateway Time-out
   nba:2024-10-28: HTTP Error 504: Gateway Time-out
   nhl:2024-10-31: HTTP Error 504: Gateway Time-out
   ncaab:2024-11-02: HTTP Error 504: Gateway Time-out
   ncaab:2024-11-05: HTTP Error 504: Gateway Time-out
   nba:2024-11-09: HTTP Error 504: Gateway Time-out
   nba:2024-11-10: HTTP Error 504: Gateway Time-out
   ncaab:2024-11-27: HTTP Error 504: Gateway Time-out
   nhl:2024-11-29: HTTP Error 504: Gateway Time-out
   backfill: 1600 pages, 6578 games with splits
   mlb:2024-12-03: HTTP Error 504: Gateway Time-out
   ncaab:2024-12-03: HTTP Error 504: Gateway Time-out
   ncaab:2024-12-05: HTTP Error 504: Gateway Time-out
   nba:2024-12-06: HTTP Error 504: Gateway Time-out
   nhl:2024-12-10: HTTP Error 504: Gateway Time-out
   nhl:2024-12-15: HTTP Error 504: Gateway Time-out
   nba:2024-12-20: HTTP Error 504: Gateway Time-out
   nba:2025-01-18: HTTP Error 504: Gateway Time-out
   ncaab:2025-01-20: HTTP Error 504: Gateway Time-out
   backfill: 1800 pages, 8541 games with splits
   nhl:2025-01-26: HTTP Error 504: Gateway Time-out
   nba:2025-02-01: HTTP Error 504: Gateway Time-out
   nba:2025-02-08: HTTP Error 504: Gateway Time-out
   ncaab:2025-02-22: HTTP Error 504: Gateway Time-out
   nba:2025-02-24: HTTP Error 504: Gateway Time-out
   mlb:2025-03-07: HTTP Error 504: Gateway Time-out
   mlb:2025-03-12: HTTP Error 504: Gateway Time-out
   nba:2025-03-13: HTTP Error 504: Gateway Time-out
   backfill: 2000 pages, 10922 games with splits
   mlb:2025-03-27: HTTP Error 504: Gateway Time-out
   mlb:2025-03-30: HTTP Error 504: Gateway Time-out
   mlb:2025-04-13: HTTP Error 504: Gateway Time-out
   mlb:2025-04-14: HTTP Error 504: Gateway Time-out
   nba:2025-04-18: HTTP Error 504: Gateway Time-out
   nba:2025-04-20: HTTP Error 504: Gateway Time-out
   nba:2025-04-21: HTTP Error 504: Gateway Time-out
backfill: 2133 pages this run, 11835 games with splits, 2183 pages left
rigged study: 11835 games with public splits
  all|ml|against the public (<=30% of bets): 9022 bets, won 31%, profit -7.3% older / -15.5% newer (z -7.26)
  all|ml|big bettors (money way over bets): 3335 bets, won 38%, profit -7.0% older / -16.0% newer (z -4.35)
  all|ml|dog the public is fading: 8560 bets, won 30%, profit -7.2% older / -15.6% newer (z -7.02)
  all|ml|public 70%+ of bets: 8997 bets, won 69%, profit -4.2% older / -1.9% newer (z -4.13)
  all|ml|public 80%+ of bets: 7243 bets, won 72%, profit -3.7% older / -1.9% newer (z -3.61)
  all|sp|against the public (<=30% of bets): 5377 bets, won 52%, profit -3.8% older / -0.5% newer (z -1.8)
  all|sp|big bettors (money way over bets): 3205 bets, won 50%, profit -3.7% older / +1.8% newer (z -0.62)
  all|sp|public 70%+ of bets: 5362 bets, won 48%, profit -4.0% older / -8.1% newer (z -4.29)
  all|sp|public 80%+ of bets: 3336 bets, won 48%, profit -6.0% older / -7.8% newer (z -3.92)
  all|tot|against the public (<=30% of bets): 7526 bets, won 50%, profit -4.7% older / -4.3% newer (z -4.08)
  all|tot|big bettors (money way over bets): 1370 bets, won 56%, profit +8.5% older / +1.0% newer (z 2.28) PROVEN
  all|tot|public 70%+ of bets: 7523 bets, won 50%, profit -4.2% older / -4.7% newer (z -4.05)
  all|tot|public 80%+ of bets: 5134 bets, won 50%, profit -4.1% older / -5.6% newer (z -3.62)
proven: all|tot|big bettors (money way over bets)
