   officials: 370 saved this run, 370 total, 119074 to go (0 errors)
   officials: 770 saved this run, 770 total, 118674 to go (0 errors)
   officials: 1170 saved this run, 1170 total, 118274 to go (0 errors)
   officials: 1570 saved this run, 1570 total, 117874 to go (0 errors)
   officials: 1970 saved this run, 1970 total, 117474 to go (0 errors)
   officials: 2370 saved this run, 2370 total, 117074 to go (0 errors)
   officials: 2770 saved this run, 2770 total, 116674 to go (0 errors)
   officials: 3170 saved this run, 3170 total, 116274 to go (0 errors)
   officials: 3570 saved this run, 3570 total, 115874 to go (0 errors)
   officials: 3970 saved this run, 3970 total, 115474 to go (0 errors)
   officials: 4370 saved this run, 4370 total, 115074 to go (0 errors)
   officials: 4770 saved this run, 4770 total, 114674 to go (0 errors)
   officials: 5170 saved this run, 5170 total, 114274 to go (0 errors)
   officials: 5570 saved this run, 5570 total, 113874 to go (0 errors)
   officials: 5970 saved this run, 5970 total, 113474 to go (0 errors)
   officials: 6370 saved this run, 6370 total, 113074 to go (0 errors)
   officials: 6770 saved this run, 6770 total, 112674 to go (0 errors)
   officials: 7170 saved this run, 7170 total, 112274 to go (0 errors)
   officials: 7570 saved this run, 7570 total, 111874 to go (0 errors)
   officials: 7970 saved this run, 7970 total, 111474 to go (0 errors)
   officials: 8370 saved this run, 8370 total, 111074 to go (0 errors)
   officials: 8770 saved this run, 8770 total, 110674 to go (0 errors)
   officials: 9170 saved this run, 9170 total, 110274 to go (0 errors)
   officials: 9570 saved this run, 9570 total, 109874 to go (0 errors)
   officials: 9970 saved this run, 9970 total, 109474 to go (0 errors)
   officials: 10370 saved this run, 10370 total, 109074 to go (0 errors)
   officials: 10770 saved this run, 10770 total, 108674 to go (0 errors)
   officials: 11170 saved this run, 11170 total, 108274 to go (0 errors)
   officials: 11570 saved this run, 11570 total, 107874 to go (0 errors)
   officials: 11970 saved this run, 11970 total, 107474 to go (0 errors)
   officials: 12370 saved this run, 12370 total, 107074 to go (0 errors)
   officials: 12770 saved this run, 12770 total, 106674 to go (0 errors)
   officials: 13170 saved this run, 13170 total, 106274 to go (0 errors)
   officials: 13570 saved this run, 13570 total, 105874 to go (0 errors)
   officials: 13970 saved this run, 13970 total, 105474 to go (0 errors)
   officials: 14370 saved this run, 14370 total, 105074 to go (0 errors)
   officials: 14770 saved this run, 14770 total, 104674 to go (0 errors)
   officials: 15170 saved this run, 15170 total, 104274 to go (0 errors)
   officials: 15570 saved this run, 15570 total, 103874 to go (0 errors)
   officials: 15960 saved this run, 15960 total, 103474 to go (10 errors)
   officials: 16360 saved this run, 16360 total, 103074 to go (10 errors)
   officials: 16760 saved this run, 16760 total, 102674 to go (10 errors)
   officials: 17160 saved this run, 17160 total, 102274 to go (10 errors)
   officials: 17560 saved this run, 17560 total, 101874 to go (10 errors)
   officials: 17960 saved this run, 17960 total, 101474 to go (10 errors)
   officials: 18360 saved this run, 18360 total, 101074 to go (10 errors)
   officials: 18760 saved this run, 18760 total, 100674 to go (10 errors)
   officials: 19160 saved this run, 19160 total, 100274 to go (10 errors)
   officials: 19560 saved this run, 19560 total, 99874 to go (10 errors)
   officials: 19960 saved this run, 19960 total, 99474 to go (10 errors)
   officials: 20360 saved this run, 20360 total, 99074 to go (10 errors)
   officials: 20760 saved this run, 20760 total, 98674 to go (10 errors)
   officials: 21160 saved this run, 21160 total, 98274 to go (10 errors)
   officials: 21557 saved this run, 21557 total, 97874 to go (13 errors)
   officials: 21957 saved this run, 21957 total, 97474 to go (13 errors)
   officials: 22357 saved this run, 22357 total, 97074 to go (13 errors)
   officials: 22757 saved this run, 22757 total, 96674 to go (13 errors)
   officials: 23157 saved this run, 23157 total, 96274 to go (13 errors)
   officials: 23557 saved this run, 23557 total, 95874 to go (13 errors)
   officials: 23957 saved this run, 23957 total, 95474 to go (13 errors)
   officials: 24357 saved this run, 24357 total, 95074 to go (13 errors)
   officials: 24757 saved this run, 24757 total, 94674 to go (13 errors)
   officials: 25157 saved this run, 25157 total, 94274 to go (13 errors)
   officials: 25557 saved this run, 25557 total, 93874 to go (13 errors)
   officials: 25957 saved this run, 25957 total, 93474 to go (13 errors)
   officials: 26357 saved this run, 26357 total, 93074 to go (13 errors)
   officials: 26757 saved this run, 26757 total, 92674 to go (13 errors)
   officials: 27157 saved this run, 27157 total, 92274 to go (13 errors)
   officials: 27557 saved this run, 27557 total, 91874 to go (13 errors)
   officials: 27957 saved this run, 27957 total, 91474 to go (13 errors)
   officials: 28357 saved this run, 28357 total, 91074 to go (13 errors)
   officials: 28757 saved this run, 28757 total, 90674 to go (13 errors)
   officials: 29157 saved this run, 29157 total, 90274 to go (13 errors)
   officials: 29557 saved this run, 29557 total, 89874 to go (13 errors)
   officials: 29957 saved this run, 29957 total, 89474 to go (13 errors)
   officials: 30357 saved this run, 30357 total, 89074 to go (13 errors)
   officials: 30757 saved this run, 30757 total, 88674 to go (13 errors)
   officials: 31157 saved this run, 31157 total, 88274 to go (13 errors)
   officials: 31557 saved this run, 31557 total, 87874 to go (13 errors)
   officials: 31957 saved this run, 31957 total, 87474 to go (13 errors)
   officials: 32357 saved this run, 32357 total, 87074 to go (13 errors)
   officials: 32757 saved this run, 32757 total, 86674 to go (13 errors)
   officials: 33157 saved this run, 33157 total, 86274 to go (13 errors)
   officials: 33557 saved this run, 33557 total, 85874 to go (13 errors)
   officials: 33957 saved this run, 33957 total, 85474 to go (13 errors)
   officials: 34357 saved this run, 34357 total, 85074 to go (13 errors)
   officials: 34757 saved this run, 34757 total, 84674 to go (13 errors)
   officials: 35157 saved this run, 35157 total, 84274 to go (13 errors)
   officials: 35557 saved this run, 35557 total, 83874 to go (13 errors)
   officials: 35957 saved this run, 35957 total, 83474 to go (13 errors)
   officials: 36357 saved this run, 36357 total, 83074 to go (13 errors)
   officials: 36757 saved this run, 36757 total, 82674 to go (13 errors)
   officials: 37157 saved this run, 37157 total, 82274 to go (13 errors)
   officials: 37557 saved this run, 37557 total, 81874 to go (13 errors)
   officials: 37957 saved this run, 37957 total, 81474 to go (13 errors)
   officials: 38357 saved this run, 38357 total, 81074 to go (13 errors)
   officials: 38757 saved this run, 38757 total, 80674 to go (13 errors)
   officials: 39157 saved this run, 39157 total, 80274 to go (13 errors)
   officials: 39557 saved this run, 39557 total, 79874 to go (13 errors)
   officials: 39957 saved this run, 39957 total, 79474 to go (13 errors)
   officials: 40357 saved this run, 40357 total, 79074 to go (13 errors)
   officials: 40757 saved this run, 40757 total, 78674 to go (13 errors)
   officials: 41157 saved this run, 41157 total, 78274 to go (13 errors)
   officials: 41557 saved this run, 41557 total, 77874 to go (13 errors)
   officials: 41957 saved this run, 41957 total, 77474 to go (13 errors)
   officials: 42357 saved this run, 42357 total, 77074 to go (13 errors)
   officials: 42757 saved this run, 42757 total, 76674 to go (13 errors)
   officials: 43157 saved this run, 43157 total, 76274 to go (13 errors)
   officials: 43557 saved this run, 43557 total, 75874 to go (13 errors)
   officials: 43957 saved this run, 43957 total, 75474 to go (13 errors)
   officials: 44357 saved this run, 44357 total, 75074 to go (13 errors)
   officials: 44757 saved this run, 44757 total, 74674 to go (13 errors)
   officials: 45157 saved this run, 45157 total, 74274 to go (13 errors)
   officials: 45557 saved this run, 45557 total, 73874 to go (13 errors)
   officials: 45957 saved this run, 45957 total, 73474 to go (13 errors)
   officials: 46357 saved this run, 46357 total, 73074 to go (13 errors)
   officials: 46757 saved this run, 46757 total, 72674 to go (13 errors)
   officials: 46765 saved this run, 46765 total, 72274 to go (405 errors)
refs backfill: 46765 games saved, ~72709 left, 1704s
THE CONTEXT STUDY: 542 tests with 300+ bets; bar z >= 3.5 + profit in both halves. Luck alone: ~0.126 false positives expected (fake no-edge results passed 0.0 on average); refs: officials.json loaded
nfl: 2769 games · proven - · confirmed - · killed -
   ref_home-|spread|dog         n=   439 roi old +0.021 new +0.092 edge +0.0519 z=+1.24
   any:out_dome|total|over      n=   461 roi old +0.057 new +0.025 edge +0.0444 z=+0.93
   div|spread|dog               n=   775 roi old +0.028 new +0.028 edge +0.0372 z=+0.82
   out_dome|ml|team             n=   449 roi old +0.121 new -0.031 edge +0.0396 z=+0.75
   any:dome_out|total|under     n=   456 roi old +0.014 new +0.040 edge +0.0374 z=+0.61
   nonconf|total|under          n=   565 roi old +0.072 new -0.040 edge +0.0312 z=+0.39
ncaaf: 8324 games · proven - · confirmed - · killed -
   any:east1000|total|under     n=   407 roi old +0.054 new +0.058 edge +0.0530 z=+1.19
   east1000|ml|team             n=   402 roi old +0.131 new -0.041 edge -0.0007 z=+0.46
   any:west1000|total|over      n=   360 roi old -0.026 new +0.059 edge +0.0329 z=+0.33
   west1000|ml|fade             n=   353 roi old -0.026 new +0.041 edge +0.0206 z=+0.10
   trip1000|ml|fade             n=   745 roi old -0.008 new +0.013 edge +0.0101 z=+0.05
   any:bowl5|total|over         n=   353 roi old +0.051 new -0.052 edge +0.0238 z=-0.02
nba: 12833 games · proven - · confirmed - · killed -
   any:rest|total|over          n=   328 roi old +0.140 new +0.105 edge +0.0881 z=+2.36
   ref_under|ml|road            n=   384 roi old +0.116 new +0.248 edge +0.0791 z=+2.33
   any:tank|total|over          n=   584 roi old +0.006 new +0.124 edge +0.0581 z=+1.66
   any:elim|total|over          n=   664 roi old -0.017 new +0.110 edge +0.0481 z=+1.26
   ref_under|ml|dog             n=   381 roi old +0.021 new +0.183 edge +0.0474 z=+1.19
   tank|spread|fade             n=   527 roi old +0.032 new +0.050 edge +0.0445 z=+0.99
ncaab: 59096 games · proven - · confirmed - · killed -
   rival|spread|home            n=   368 roi old +0.130 new -0.055 edge +0.0435 z=+0.76
   road3in6|spread|team         n=   491 roi old +0.006 new +0.058 edge +0.0403 z=+0.74
   rival|total|under            n=   371 roi old +0.084 new -0.042 edge +0.0342 z=+0.41
   rival|ml|home                n=   374 roi old +0.054 new -0.025 edge +0.0330 z=+0.30
   week3000|spread|team         n=  1126 roi old +0.030 new -0.042 edge +0.0203 z=-0.21
   any:road3in6|total|under     n=   497 roi old -0.008 new -0.027 edge +0.0150 z=-0.40
mlb: 23237 games · proven - · confirmed - · killed -
   east1000|ml|team             n=  1396 roi old +0.043 new -0.009 edge +0.0246 z=+0.59
   trip2000|ml|fade             n=   659 roi old +0.088 new -0.044 edge +0.0258 z=+0.55
   nonconf|ml|road              n=  4275 roi old +0.039 new -0.032 edge +0.0179 z=+0.20
   any:west1000|total|over      n=  1441 roi old -0.028 new +0.030 edge +0.0232 z=+0.04
   trip1000|ml|team             n=  2472 roi old -0.006 new +0.005 edge +0.0162 z=-0.01
   dome_cold|ml|team            n=   662 roi old -0.092 new +0.076 edge +0.0126 z=-0.20
nhl: 13215 games · proven - · confirmed - · killed -
   ref_over|ml|fav              n=   339 roi old -0.008 new +0.025 edge +0.0293 z=+0.20
   ref_home-|total|over         n=   383 roi old +0.012 new +0.006 edge +0.0261 z=+0.19
   ref_under|ml|fav             n=   744 roi old +0.009 new +0.001 edge +0.0279 z=+0.17
   race|ml|team                 n=  1320 roi old +0.025 new -0.022 edge +0.0237 z=+0.04
   mustwin|ml|team              n=  1228 roi old +0.036 new -0.040 edge +0.0226 z=-0.07
   trip2000|ml|fade             n=   525 roi old -0.023 new -0.001 edge +0.0093 z=-0.26
