THE SIMULATOR: tried 120 NEW sim configs (366 ever) in 192.0s · 2160 cell tests (luck alone would give ~0.502 suspects)
   new suspects: 0 · promoted to PROVEN: 0 · killed: 0 · proven demoted: 0 · better-sim suspects: 4 (promoted [], killed [])
   now watching 0 suspects · 0 proven · 0 killed
   mlb: ml LL sim 0.6828 / mkt 0.6764 / blend 0.6763 (w 0.08) · bets@0.08 n=4319 roi -0.003 z +2.0 | spread LL sim 0.6844 / mkt 0.6753 / blend 0.6755 (w 0.10) · bets@0.02 n=14310 roi -0.032 z +1.0 | total LL sim 0.7050 / mkt 0.6940 / blend 0.6940 (w 0.06) · bets@0.02 n=14849 roi -0.035 z +1.2
   nba: ml LL sim 0.6162 / mkt 0.5911 / blend 0.5913 (w 0.07) · bets@0.08 n=4093 roi -0.019 z +0.4 | spread LL sim 0.7201 / mkt 0.6945 / blend 0.6945 (w 0.02) · bets@0.04 n=6935 roi -0.036 z +0.7 | total LL sim 0.7192 / mkt 0.6937 / blend 0.6937 (w 0.00) · bets@0.02 n=8348 roi -0.066 z -2.0
   ncaab: ml LL sim 0.5612 / mkt 0.5288 / blend 0.5288 (w 0.03) · bets@0.02 n=24474 roi -0.086 z +1.0 | spread LL sim 0.7336 / mkt 0.6946 / blend 0.6947 (w 0.06) · bets@0.10 n=12117 roi -0.030 z +1.7 | total LL sim 0.7100 / mkt 0.6935 / blend 0.6937 (w 0.14) · bets@0.02 n=23943 roi -0.030 z +2.6
   ncaaf: ml LL sim 0.5370 / mkt 0.4853 / blend 0.4863 (w 0.08) · bets@0.08 n=2214 roi -0.090 z -0.5 | spread LL sim 0.7628 / mkt 0.6932 / blend 0.6932 (w 0.00) · bets@0.06 n=3213 roi -0.072 z -1.6 | total LL sim 0.7151 / mkt 0.6932 / blend 0.6931 (w 0.05) · bets@0.06 n=2840 roi -0.025 z +1.2
   nfl: ml LL sim 0.6365 / mkt 0.6062 / blend 0.6062 (w 0.00) · bets@0.04 n=1488 roi -0.072 z -0.7 | spread LL sim 0.7184 / mkt 0.6944 / blend 0.6951 (w 0.13) · bets@0.08 n=943 roi -0.003 z +1.3 | total LL sim 0.7129 / mkt 0.6936 / blend 0.6936 (w 0.00) · bets@0.06 n=1051 roi -0.061 z -0.6
   nhl: ml LL sim 0.6688 / mkt 0.6629 / blend 0.6629 (w 0.00) · bets@0.08 n=879 roi -0.005 z +0.7 | spread LL sim 0.6634 / mkt 0.6543 / blend 0.6542 (w 0.08) · bets@0.10 n=1231 roi -0.001 z +1.7 | total LL sim 0.6955 / mkt 0.6918 / blend 0.6919 (w 0.16) · bets@0.06 n=1518 roi +0.008 z +2.2
   better-sim suspect ncaaf|disp=1.06|form=0.5|gain=0.75|hfa=team|keys=0|pace=0.33|park=1|regress=0.1|rest=1: log loss -0.0050 (older half) -0.0063 (newer) vs the best - needs forward games
   better-sim suspect nhl|disp=10.0|form=0.5|gain=0.5|hfa=learned|pace=0.33|park=0|regress=0.1|rest=1: log loss -0.0007 (older half) -0.0009 (newer) vs the best - needs forward games
   better-sim suspect mlb|disp=2.5|form=0.5|gain=0.75|hfa=none|pace=0.33|park=1|regress=0.4|rest=0: log loss -0.0011 (older half) -0.0009 (newer) vs the best - needs forward games
   better-sim suspect ncaaf|disp=1.12|form=0.25|gain=0.75|hfa=learned|keys=1|pace=1.0|park=1|regress=0.1|rest=1: log loss -0.0060 (older half) -0.0086 (newer) vs the best - needs forward games
   closest miss: mlb|ml|thr:0.08|mlb|disp=7.0|form=0.25|gain=0.75|hfa=learned|pace=0.33|park=0|regress=0.2|rest=1 z=2.7
   closest miss: ncaaf|total|thr:0.10|ncaaf|disp=1.06|form=0.5|gain=0.75|hfa=team|keys=0|pace=0.33|park=1|regress=0.1|rest=1 z=2.67
   closest miss: ncaab|total|blend|ncaab|disp=1.0|form=0.25|gain=3.0|hfa=none|pace=2.0|park=1|regress=0.2|rest=0 z=2.5
TODAY'S SIMS: 18 upcoming games x 10000 sims in 5.8s -> data/sports/sim_today.json
sim run done in 200s
THE SIMULATOR: tried 120 NEW sim configs (486 ever) in 244.2s · 2160 cell tests (luck alone would give ~0.502 suspects)
   new suspects: 0 · promoted to PROVEN: 0 · killed: 0 · proven demoted: 0 · better-sim suspects: 2 (promoted [], killed [])
   now watching 0 suspects · 0 proven · 0 killed
   mlb: ml LL sim 0.6828 / mkt 0.6764 / blend 0.6763 (w 0.08) · bets@0.08 n=4319 roi -0.003 z +2.0 | spread LL sim 0.6844 / mkt 0.6753 / blend 0.6755 (w 0.10) · bets@0.02 n=14310 roi -0.032 z +1.0 | total LL sim 0.7050 / mkt 0.6940 / blend 0.6940 (w 0.06) · bets@0.02 n=14849 roi -0.035 z +1.2
   nba: ml LL sim 0.6162 / mkt 0.5911 / blend 0.5913 (w 0.07) · bets@0.08 n=4093 roi -0.019 z +0.4 | spread LL sim 0.7201 / mkt 0.6945 / blend 0.6945 (w 0.02) · bets@0.04 n=6935 roi -0.036 z +0.7 | total LL sim 0.7192 / mkt 0.6937 / blend 0.6937 (w 0.00) · bets@0.02 n=8348 roi -0.066 z -2.0
   ncaab: ml LL sim 0.5612 / mkt 0.5288 / blend 0.5288 (w 0.03) · bets@0.02 n=24474 roi -0.086 z +1.0 | spread LL sim 0.7336 / mkt 0.6946 / blend 0.6947 (w 0.06) · bets@0.10 n=12117 roi -0.030 z +1.7 | total LL sim 0.7100 / mkt 0.6935 / blend 0.6937 (w 0.14) · bets@0.02 n=23943 roi -0.030 z +2.6
   ncaaf: ml LL sim 0.5370 / mkt 0.4853 / blend 0.4863 (w 0.08) · bets@0.08 n=2214 roi -0.090 z -0.5 | spread LL sim 0.7628 / mkt 0.6932 / blend 0.6932 (w 0.00) · bets@0.06 n=3213 roi -0.072 z -1.6 | total LL sim 0.7151 / mkt 0.6932 / blend 0.6931 (w 0.05) · bets@0.06 n=2840 roi -0.025 z +1.2
   nfl: ml LL sim 0.6364 / mkt 0.6066 / blend 0.6066 (w 0.00) · bets@0.04 n=1489 roi -0.070 z -0.7 | spread LL sim 0.7181 / mkt 0.6944 / blend 0.6950 (w 0.13) · bets@0.08 n=944 roi -0.002 z +1.3 | total LL sim 0.7130 / mkt 0.6936 / blend 0.6936 (w 0.00) · bets@0.06 n=1052 roi -0.062 z -0.6
   nhl: ml LL sim 0.6688 / mkt 0.6629 / blend 0.6629 (w 0.00) · bets@0.08 n=879 roi -0.005 z +0.7 | spread LL sim 0.6634 / mkt 0.6543 / blend 0.6542 (w 0.08) · bets@0.10 n=1231 roi -0.001 z +1.7 | total LL sim 0.6955 / mkt 0.6918 / blend 0.6919 (w 0.16) · bets@0.06 n=1518 roi +0.008 z +2.2
   better-sim suspect nfl|disp=1.12|form=0.0|gain=1.0|hfa=learned|keys=1|pace=2.0|park=0|regress=0.4|rest=1: log loss -0.0011 (older half) -0.0018 (newer) vs the best - needs forward games
   better-sim suspect nba|disp=1.12|form=0.5|gain=0.5|hfa=learned|pace=2.0|park=1|regress=0.4|rest=1: log loss -0.0032 (older half) -0.0029 (newer) vs the best - needs forward games
   closest miss: mlb|ml|thr:0.10|mlb|disp=5.0|form=0.0|gain=2.0|hfa=learned|pace=0.33|park=0|regress=0.4|rest=0 z=2.85
   closest miss: ncaaf|total|thr:0.10|ncaaf|disp=1.12|form=0.25|gain=0.5|hfa=none|keys=0|pace=0.5|park=1|regress=0.2|rest=0 z=2.46
   closest miss: ncaab|total|blend|ncaab|disp=1.0|form=0.25|gain=3.0|hfa=learned|pace=1.5|park=0|regress=0.2|rest=1 z=2.16
TODAY'S SIMS: 32 upcoming games x 10000 sims in 8.4s -> data/sports/sim_today.json
sim run done in 255s
THE SIMULATOR: tried 120 NEW sim configs (606 ever) in 246.5s · 2160 cell tests (luck alone would give ~0.502 suspects)
   new suspects: 0 · promoted to PROVEN: 0 · killed: 0 · proven demoted: 0 · better-sim suspects: 3 (promoted [], killed [])
   now watching 0 suspects · 0 proven · 0 killed
   mlb: ml LL sim 0.6828 / mkt 0.6764 / blend 0.6763 (w 0.08) · bets@0.08 n=4319 roi -0.003 z +2.0 | spread LL sim 0.6844 / mkt 0.6753 / blend 0.6755 (w 0.10) · bets@0.02 n=14310 roi -0.032 z +1.0 | total LL sim 0.7050 / mkt 0.6940 / blend 0.6940 (w 0.06) · bets@0.02 n=14849 roi -0.035 z +1.2
   nba: ml LL sim 0.6162 / mkt 0.5911 / blend 0.5913 (w 0.07) · bets@0.08 n=4093 roi -0.019 z +0.4 | spread LL sim 0.7201 / mkt 0.6945 / blend 0.6945 (w 0.02) · bets@0.04 n=6935 roi -0.036 z +0.7 | total LL sim 0.7192 / mkt 0.6937 / blend 0.6937 (w 0.00) · bets@0.02 n=8348 roi -0.066 z -2.0
   ncaab: ml LL sim 0.5612 / mkt 0.5288 / blend 0.5288 (w 0.03) · bets@0.02 n=24474 roi -0.086 z +1.0 | spread LL sim 0.7336 / mkt 0.6946 / blend 0.6947 (w 0.06) · bets@0.10 n=12117 roi -0.030 z +1.7 | total LL sim 0.7100 / mkt 0.6935 / blend 0.6937 (w 0.14) · bets@0.02 n=23943 roi -0.030 z +2.6
   ncaaf: ml LL sim 0.5370 / mkt 0.4853 / blend 0.4863 (w 0.08) · bets@0.08 n=2214 roi -0.090 z -0.5 | spread LL sim 0.7628 / mkt 0.6932 / blend 0.6932 (w 0.00) · bets@0.06 n=3213 roi -0.072 z -1.6 | total LL sim 0.7151 / mkt 0.6932 / blend 0.6931 (w 0.05) · bets@0.06 n=2840 roi -0.025 z +1.2
   nfl: ml LL sim 0.6364 / mkt 0.6066 / blend 0.6066 (w 0.00) · bets@0.04 n=1489 roi -0.070 z -0.7 | spread LL sim 0.7181 / mkt 0.6944 / blend 0.6950 (w 0.13) · bets@0.08 n=944 roi -0.002 z +1.3 | total LL sim 0.7130 / mkt 0.6936 / blend 0.6936 (w 0.00) · bets@0.06 n=1052 roi -0.062 z -0.6
   nhl: ml LL sim 0.6688 / mkt 0.6629 / blend 0.6629 (w 0.00) · bets@0.08 n=879 roi -0.005 z +0.7 | spread LL sim 0.6634 / mkt 0.6543 / blend 0.6542 (w 0.08) · bets@0.10 n=1231 roi -0.001 z +1.7 | total LL sim 0.6955 / mkt 0.6918 / blend 0.6919 (w 0.16) · bets@0.06 n=1518 roi +0.008 z +2.2
   better-sim suspect ncaaf|disp=1.12|form=0.0|gain=1.0|hfa=team|keys=1|pace=1.0|park=0|regress=0.2|rest=0: log loss -0.0037 (older half) -0.0056 (newer) vs the best - needs forward games
   better-sim suspect mlb|disp=2.5|form=0.5|gain=0.75|hfa=none|pace=1.0|park=1|regress=0.2|rest=0: log loss -0.0012 (older half) -0.0011 (newer) vs the best - needs forward games
   better-sim suspect ncaab|disp=1.12|form=0.25|gain=0.5|hfa=learned|pace=0.5|park=0|regress=0.1|rest=1: log loss -0.0065 (older half) -0.0088 (newer) vs the best - needs forward games
   closest miss: mlb|ml|thr:0.10|mlb|disp=7.0|form=0.0|gain=1.5|hfa=none|pace=0.5|park=1|regress=0.1|rest=0 z=2.78
   closest miss: mlb|ml|thr:0.08|mlb|disp=7.0|form=0.0|gain=1.5|hfa=none|pace=0.5|park=1|regress=0.1|rest=0 z=2.66
   closest miss: nhl|total|thr:0.08|nhl|disp=25.0|form=0.5|gain=2.0|hfa=team|pace=0.5|park=0|regress=0.1|rest=0 z=2.08
TODAY'S SIMS: 32 upcoming games x 10000 sims in 8.4s -> data/sports/sim_today.json
sim run done in 258s
THE SIMULATOR: tried 120 NEW sim configs (726 ever) in 203.2s · 2160 cell tests (luck alone would give ~0.502 suspects)
   new suspects: 0 · promoted to PROVEN: 0 · killed: 0 · proven demoted: 0 · better-sim suspects: 0 (promoted [], killed [])
   now watching 0 suspects · 0 proven · 0 killed
   mlb: ml LL sim 0.6828 / mkt 0.6764 / blend 0.6763 (w 0.08) · bets@0.08 n=4320 roi -0.003 z +2.0 | spread LL sim 0.6844 / mkt 0.6753 / blend 0.6755 (w 0.10) · bets@0.02 n=14311 roi -0.032 z +1.0 | total LL sim 0.7050 / mkt 0.6940 / blend 0.6940 (w 0.06) · bets@0.02 n=14850 roi -0.034 z +1.2
   nba: ml LL sim 0.6162 / mkt 0.5911 / blend 0.5913 (w 0.07) · bets@0.08 n=4093 roi -0.019 z +0.4 | spread LL sim 0.7201 / mkt 0.6945 / blend 0.6945 (w 0.02) · bets@0.04 n=6935 roi -0.036 z +0.7 | total LL sim 0.7192 / mkt 0.6937 / blend 0.6937 (w 0.00) · bets@0.02 n=8348 roi -0.066 z -2.0
   ncaab: ml LL sim 0.5612 / mkt 0.5288 / blend 0.5288 (w 0.03) · bets@0.02 n=24474 roi -0.086 z +1.0 | spread LL sim 0.7336 / mkt 0.6946 / blend 0.6947 (w 0.06) · bets@0.10 n=12117 roi -0.030 z +1.7 | total LL sim 0.7100 / mkt 0.6935 / blend 0.6937 (w 0.14) · bets@0.02 n=23943 roi -0.030 z +2.6
   ncaaf: ml LL sim 0.5370 / mkt 0.4853 / blend 0.4863 (w 0.08) · bets@0.08 n=2214 roi -0.090 z -0.5 | spread LL sim 0.7628 / mkt 0.6932 / blend 0.6932 (w 0.00) · bets@0.06 n=3213 roi -0.072 z -1.6 | total LL sim 0.7151 / mkt 0.6932 / blend 0.6931 (w 0.05) · bets@0.06 n=2840 roi -0.025 z +1.2
   nfl: ml LL sim 0.6364 / mkt 0.6066 / blend 0.6066 (w 0.00) · bets@0.04 n=1489 roi -0.070 z -0.7 | spread LL sim 0.7181 / mkt 0.6944 / blend 0.6950 (w 0.13) · bets@0.08 n=944 roi -0.002 z +1.3 | total LL sim 0.7130 / mkt 0.6936 / blend 0.6936 (w 0.00) · bets@0.06 n=1052 roi -0.062 z -0.6
   nhl: ml LL sim 0.6688 / mkt 0.6629 / blend 0.6629 (w 0.00) · bets@0.08 n=879 roi -0.005 z +0.7 | spread LL sim 0.6634 / mkt 0.6543 / blend 0.6542 (w 0.08) · bets@0.10 n=1231 roi -0.001 z +1.7 | total LL sim 0.6955 / mkt 0.6918 / blend 0.6919 (w 0.16) · bets@0.06 n=1518 roi +0.008 z +2.2
   closest miss: ncaaf|total|thr:0.10|ncaaf|disp=1.12|form=0.0|gain=0.75|hfa=team|keys=1|pace=0.5|park=0|regress=0.1|rest=0 z=2.44
   closest miss: nhl|total|thr:0.08|nhl|disp=10.0|form=0.5|gain=2.0|hfa=team|pace=0.33|park=0|regress=0.2|rest=1 z=2.34
   closest miss: nhl|total|thr:0.08|nhl|disp=0.0|form=0.25|gain=2.0|hfa=none|pace=0.5|park=0|regress=0.4|rest=1 z=2.33
TODAY'S SIMS: 29 upcoming games x 10000 sims in 6.8s -> data/sports/sim_today.json
sim run done in 213s
THE SIMULATOR: tried 120 NEW sim configs (846 ever) in 240.8s · 2160 cell tests (luck alone would give ~0.502 suspects)
   new suspects: 0 · promoted to PROVEN: 0 · killed: 0 · proven demoted: 0 · better-sim suspects: 4 (promoted [], killed [])
   now watching 0 suspects · 0 proven · 0 killed
   mlb: ml LL sim 0.6828 / mkt 0.6764 / blend 0.6763 (w 0.08) · bets@0.08 n=4320 roi -0.003 z +2.0 | spread LL sim 0.6844 / mkt 0.6753 / blend 0.6755 (w 0.10) · bets@0.02 n=14313 roi -0.032 z +1.0 | total LL sim 0.7049 / mkt 0.6940 / blend 0.6940 (w 0.06) · bets@0.02 n=14852 roi -0.034 z +1.2
   nba: ml LL sim 0.6162 / mkt 0.5911 / blend 0.5913 (w 0.07) · bets@0.08 n=4093 roi -0.019 z +0.4 | spread LL sim 0.7201 / mkt 0.6945 / blend 0.6945 (w 0.02) · bets@0.04 n=6935 roi -0.036 z +0.7 | total LL sim 0.7192 / mkt 0.6937 / blend 0.6937 (w 0.00) · bets@0.02 n=8348 roi -0.066 z -2.0
   ncaab: ml LL sim 0.5612 / mkt 0.5288 / blend 0.5288 (w 0.03) · bets@0.02 n=24474 roi -0.086 z +1.0 | spread LL sim 0.7336 / mkt 0.6946 / blend 0.6947 (w 0.06) · bets@0.10 n=12117 roi -0.030 z +1.7 | total LL sim 0.7100 / mkt 0.6935 / blend 0.6937 (w 0.14) · bets@0.02 n=23943 roi -0.030 z +2.6
   ncaaf: ml LL sim 0.5370 / mkt 0.4853 / blend 0.4863 (w 0.08) · bets@0.08 n=2214 roi -0.090 z -0.5 | spread LL sim 0.7628 / mkt 0.6932 / blend 0.6932 (w 0.00) · bets@0.06 n=3213 roi -0.072 z -1.6 | total LL sim 0.7151 / mkt 0.6932 / blend 0.6931 (w 0.05) · bets@0.06 n=2840 roi -0.025 z +1.2
   nfl: ml LL sim 0.6364 / mkt 0.6066 / blend 0.6066 (w 0.00) · bets@0.04 n=1489 roi -0.070 z -0.7 | spread LL sim 0.7181 / mkt 0.6944 / blend 0.6950 (w 0.13) · bets@0.08 n=944 roi -0.002 z +1.3 | total LL sim 0.7130 / mkt 0.6936 / blend 0.6936 (w 0.00) · bets@0.06 n=1052 roi -0.062 z -0.6
   nhl: ml LL sim 0.6689 / mkt 0.6631 / blend 0.6631 (w 0.00) · bets@0.08 n=880 roi -0.002 z +0.8 | spread LL sim 0.6635 / mkt 0.6544 / blend 0.6543 (w 0.08) · bets@0.10 n=1232 roi +0.000 z +1.7 | total LL sim 0.6955 / mkt 0.6918 / blend 0.6919 (w 0.16) · bets@0.06 n=1518 roi +0.008 z +2.2
   better-sim suspect nba|disp=1.12|form=0.0|gain=0.5|hfa=team|pace=1.5|park=1|regress=0.4|rest=1: log loss -0.0037 (older half) -0.0028 (newer) vs the best - needs forward games
   better-sim suspect ncaab|disp=1.12|form=0.5|gain=0.5|hfa=team|pace=0.5|park=0|regress=0.1|rest=1: log loss -0.0078 (older half) -0.0101 (newer) vs the best - needs forward games
   better-sim suspect nba|disp=1.12|form=0.0|gain=1.0|hfa=learned|pace=0.5|park=1|regress=0.4|rest=1: log loss -0.0033 (older half) -0.0039 (newer) vs the best - needs forward games
   better-sim suspect ncaaf|disp=1.12|form=0.25|gain=0.75|hfa=learned|keys=0|pace=1.5|park=1|regress=0.1|rest=0: log loss -0.0046 (older half) -0.0080 (newer) vs the best - needs forward games
   closest miss: mlb|spread|thr:0.10|mlb|disp=7.0|form=0.5|gain=0.75|hfa=none|pace=0.33|park=0|regress=0.1|rest=0 z=2.6
   closest miss: nhl|total|thr:0.06|nhl|disp=25.0|form=0.0|gain=1.0|hfa=team|pace=1.5|park=0|regress=0.4|rest=0 z=2.55
   closest miss: nhl|total|thr:0.08|nhl|disp=10.0|form=0.25|gain=1.5|hfa=learned|pace=1.0|park=0|regress=0.4|rest=0 z=2.35
TODAY'S SIMS: 31 upcoming games x 10000 sims in 8.4s -> data/sports/sim_today.json
sim run done in 252s
THE SIMULATOR: tried 120 NEW sim configs (966 ever) in 158.5s · 2160 cell tests (luck alone would give ~0.502 suspects)
   new suspects: 0 · promoted to PROVEN: 0 · killed: 0 · proven demoted: 0 · better-sim suspects: 2 (promoted [], killed [])
   now watching 0 suspects · 0 proven · 0 killed
   mlb: ml LL sim 0.6828 / mkt 0.6764 / blend 0.6763 (w 0.08) · bets@0.08 n=4320 roi -0.003 z +2.0 | spread LL sim 0.6844 / mkt 0.6753 / blend 0.6755 (w 0.10) · bets@0.02 n=14313 roi -0.032 z +1.0 | total LL sim 0.7049 / mkt 0.6940 / blend 0.6940 (w 0.06) · bets@0.02 n=14852 roi -0.034 z +1.2
   nba: ml LL sim 0.6162 / mkt 0.5911 / blend 0.5913 (w 0.07) · bets@0.08 n=4093 roi -0.019 z +0.4 | spread LL sim 0.7201 / mkt 0.6945 / blend 0.6945 (w 0.02) · bets@0.04 n=6935 roi -0.036 z +0.7 | total LL sim 0.7192 / mkt 0.6937 / blend 0.6937 (w 0.00) · bets@0.02 n=8348 roi -0.066 z -2.0
   ncaab: ml LL sim 0.5612 / mkt 0.5288 / blend 0.5288 (w 0.03) · bets@0.02 n=24474 roi -0.086 z +1.0 | spread LL sim 0.7336 / mkt 0.6946 / blend 0.6947 (w 0.06) · bets@0.10 n=12117 roi -0.030 z +1.7 | total LL sim 0.7100 / mkt 0.6935 / blend 0.6937 (w 0.14) · bets@0.02 n=23943 roi -0.030 z +2.6
   ncaaf: ml LL sim 0.5370 / mkt 0.4853 / blend 0.4863 (w 0.08) · bets@0.08 n=2214 roi -0.090 z -0.5 | spread LL sim 0.7628 / mkt 0.6932 / blend 0.6932 (w 0.00) · bets@0.06 n=3213 roi -0.072 z -1.6 | total LL sim 0.7151 / mkt 0.6932 / blend 0.6931 (w 0.05) · bets@0.06 n=2840 roi -0.025 z +1.2
   nfl: ml LL sim 0.6364 / mkt 0.6066 / blend 0.6066 (w 0.00) · bets@0.04 n=1489 roi -0.070 z -0.7 | spread LL sim 0.7181 / mkt 0.6944 / blend 0.6950 (w 0.13) · bets@0.08 n=944 roi -0.002 z +1.3 | total LL sim 0.7130 / mkt 0.6936 / blend 0.6936 (w 0.00) · bets@0.06 n=1052 roi -0.062 z -0.6
   nhl: ml LL sim 0.6689 / mkt 0.6631 / blend 0.6631 (w 0.00) · bets@0.08 n=880 roi -0.002 z +0.8 | spread LL sim 0.6636 / mkt 0.6544 / blend 0.6543 (w 0.08) · bets@0.10 n=1232 roi +0.000 z +1.7 | total LL sim 0.6955 / mkt 0.6917 / blend 0.6918 (w 0.16) · bets@0.06 n=1518 roi +0.008 z +2.2
   better-sim suspect nfl|disp=1.12|form=0.0|gain=1.0|hfa=learned|keys=1|pace=1.5|park=1|regress=0.2|rest=1: log loss -0.0014 (older half) -0.0025 (newer) vs the best - needs forward games
   better-sim suspect nba|disp=1.12|form=0.0|gain=1.5|hfa=learned|pace=0.5|park=0|regress=0.6|rest=1: log loss -0.0032 (older half) -0.0034 (newer) vs the best - needs forward games
   closest miss: ncaaf|total|thr:0.10|ncaaf|disp=1.06|form=0.0|gain=0.75|hfa=team|keys=1|pace=0.33|park=1|regress=0.6|rest=1 z=3.0
   closest miss: ncaaf|total|thr:0.10|ncaaf|disp=1.12|form=0.0|gain=0.5|hfa=team|keys=0|pace=1.0|park=1|regress=0.2|rest=0 z=2.72
   closest miss: mlb|ml|thr:0.10|mlb|disp=7.0|form=0.5|gain=0.5|hfa=team|pace=1.5|park=1|regress=0.2|rest=0 z=2.34
TODAY'S SIMS: 96 upcoming games x 10000 sims in 6.3s -> data/sports/sim_today.json
sim run done in 167s
THE SIMULATOR: tried 120 NEW sim configs (1086 ever) in 239.5s · 2160 cell tests (luck alone would give ~0.502 suspects)
   new suspects: 0 · promoted to PROVEN: 0 · killed: 0 · proven demoted: 0 · better-sim suspects: 2 (promoted [], killed [])
   now watching 0 suspects · 0 proven · 0 killed
   mlb: ml LL sim 0.6828 / mkt 0.6764 / blend 0.6763 (w 0.08) · bets@0.08 n=4320 roi -0.003 z +2.0 | spread LL sim 0.6844 / mkt 0.6753 / blend 0.6755 (w 0.10) · bets@0.02 n=14313 roi -0.032 z +1.0 | total LL sim 0.7049 / mkt 0.6940 / blend 0.6940 (w 0.06) · bets@0.02 n=14852 roi -0.034 z +1.2
   nba: ml LL sim 0.6162 / mkt 0.5911 / blend 0.5913 (w 0.07) · bets@0.08 n=4093 roi -0.019 z +0.4 | spread LL sim 0.7201 / mkt 0.6945 / blend 0.6945 (w 0.02) · bets@0.04 n=6935 roi -0.036 z +0.7 | total LL sim 0.7192 / mkt 0.6937 / blend 0.6937 (w 0.00) · bets@0.02 n=8348 roi -0.066 z -2.0
   ncaab: ml LL sim 0.5612 / mkt 0.5288 / blend 0.5288 (w 0.03) · bets@0.02 n=24474 roi -0.086 z +1.0 | spread LL sim 0.7336 / mkt 0.6946 / blend 0.6947 (w 0.06) · bets@0.10 n=12117 roi -0.030 z +1.7 | total LL sim 0.7100 / mkt 0.6935 / blend 0.6937 (w 0.14) · bets@0.02 n=23943 roi -0.030 z +2.6
   ncaaf: ml LL sim 0.5370 / mkt 0.4853 / blend 0.4863 (w 0.08) · bets@0.08 n=2214 roi -0.090 z -0.5 | spread LL sim 0.7628 / mkt 0.6932 / blend 0.6932 (w 0.00) · bets@0.06 n=3213 roi -0.072 z -1.6 | total LL sim 0.7151 / mkt 0.6932 / blend 0.6931 (w 0.05) · bets@0.06 n=2840 roi -0.025 z +1.2
   nfl: ml LL sim 0.6364 / mkt 0.6066 / blend 0.6066 (w 0.00) · bets@0.04 n=1489 roi -0.070 z -0.7 | spread LL sim 0.7181 / mkt 0.6944 / blend 0.6950 (w 0.13) · bets@0.08 n=944 roi -0.002 z +1.3 | total LL sim 0.7130 / mkt 0.6936 / blend 0.6936 (w 0.00) · bets@0.06 n=1052 roi -0.062 z -0.6
   nhl: ml LL sim 0.6689 / mkt 0.6631 / blend 0.6631 (w 0.00) · bets@0.08 n=880 roi -0.002 z +0.8 | spread LL sim 0.6636 / mkt 0.6544 / blend 0.6543 (w 0.08) · bets@0.10 n=1232 roi +0.000 z +1.7 | total LL sim 0.6955 / mkt 0.6917 / blend 0.6918 (w 0.16) · bets@0.06 n=1518 roi +0.008 z +2.2
   better-sim suspect mlb|disp=2.5|form=0.0|gain=2.0|hfa=none|pace=0.5|park=1|regress=0.2|rest=0: log loss -0.0014 (older half) -0.0007 (newer) vs the best - needs forward games
   better-sim suspect nfl|disp=1.12|form=0.0|gain=1.0|hfa=learned|keys=0|pace=0.5|park=1|regress=0.6|rest=1: log loss -0.0016 (older half) -0.0024 (newer) vs the best - needs forward games
   closest miss: mlb|ml|thr:0.10|mlb|disp=7.0|form=0.0|gain=2.0|hfa=learned|pace=0.5|park=1|regress=0.2|rest=0 z=2.69
   closest miss: ncaab|total|blend|ncaab|disp=0.94|form=0.25|gain=3.0|hfa=learned|pace=2.0|park=1|regress=0.2|rest=1 z=2.5
   closest miss: nhl|total|thr:0.08|nhl|disp=10.0|form=0.5|gain=2.0|hfa=none|pace=0.33|park=0|regress=0.4|rest=1 z=2.18
TODAY'S SIMS: 96 upcoming games x 10000 sims in 9.3s -> data/sports/sim_today.json
sim run done in 251s
THE SIMULATOR: tried 120 NEW sim configs (1206 ever) in 144.7s · 2160 cell tests (luck alone would give ~0.502 suspects)
   new suspects: 0 · promoted to PROVEN: 0 · killed: 0 · proven demoted: 0 · better-sim suspects: 1 (promoted [], killed [])
   now watching 0 suspects · 0 proven · 0 killed
   mlb: ml LL sim 0.6828 / mkt 0.6764 / blend 0.6764 (w 0.08) · bets@0.08 n=4320 roi -0.003 z +2.0 | spread LL sim 0.6844 / mkt 0.6753 / blend 0.6755 (w 0.10) · bets@0.02 n=14314 roi -0.032 z +1.0 | total LL sim 0.7049 / mkt 0.6940 / blend 0.6940 (w 0.06) · bets@0.02 n=14852 roi -0.034 z +1.2
   nba: ml LL sim 0.6162 / mkt 0.5911 / blend 0.5913 (w 0.07) · bets@0.08 n=4093 roi -0.019 z +0.4 | spread LL sim 0.7201 / mkt 0.6945 / blend 0.6945 (w 0.02) · bets@0.04 n=6935 roi -0.036 z +0.7 | total LL sim 0.7192 / mkt 0.6937 / blend 0.6937 (w 0.00) · bets@0.02 n=8348 roi -0.066 z -2.0
   ncaab: ml LL sim 0.5612 / mkt 0.5288 / blend 0.5288 (w 0.03) · bets@0.02 n=24474 roi -0.086 z +1.0 | spread LL sim 0.7336 / mkt 0.6946 / blend 0.6947 (w 0.06) · bets@0.10 n=12117 roi -0.030 z +1.7 | total LL sim 0.7100 / mkt 0.6935 / blend 0.6937 (w 0.14) · bets@0.02 n=23943 roi -0.030 z +2.6
   ncaaf: ml LL sim 0.5370 / mkt 0.4853 / blend 0.4863 (w 0.08) · bets@0.08 n=2214 roi -0.090 z -0.5 | spread LL sim 0.7628 / mkt 0.6932 / blend 0.6932 (w 0.00) · bets@0.06 n=3213 roi -0.072 z -1.6 | total LL sim 0.7151 / mkt 0.6932 / blend 0.6931 (w 0.05) · bets@0.06 n=2840 roi -0.025 z +1.2
   nfl: ml LL sim 0.6364 / mkt 0.6066 / blend 0.6066 (w 0.00) · bets@0.04 n=1489 roi -0.070 z -0.7 | spread LL sim 0.7181 / mkt 0.6944 / blend 0.6950 (w 0.13) · bets@0.08 n=944 roi -0.002 z +1.3 | total LL sim 0.7130 / mkt 0.6936 / blend 0.6936 (w 0.00) · bets@0.06 n=1052 roi -0.062 z -0.6
   nhl: ml LL sim 0.6689 / mkt 0.6631 / blend 0.6631 (w 0.00) · bets@0.08 n=880 roi -0.002 z +0.8 | spread LL sim 0.6636 / mkt 0.6544 / blend 0.6543 (w 0.08) · bets@0.10 n=1232 roi +0.000 z +1.7 | total LL sim 0.6955 / mkt 0.6917 / blend 0.6918 (w 0.16) · bets@0.06 n=1518 roi +0.008 z +2.2
   better-sim suspect nfl|disp=1.06|form=0.0|gain=1.0|hfa=learned|keys=0|pace=1.0|park=1|regress=0.4|rest=1: log loss -0.0023 (older half) -0.0026 (newer) vs the best - needs forward games
   closest miss: ncaab|total|blend|ncaab|disp=1.12|form=0.5|gain=2.0|hfa=team|pace=2.0|park=1|regress=0.6|rest=0 z=2.57
   closest miss: ncaab|total|blend|ncaab|disp=1.06|form=0.5|gain=3.0|hfa=learned|pace=1.5|park=1|regress=0.4|rest=1 z=2.55
   closest miss: nhl|total|thr:0.08|nhl|disp=25.0|form=0.5|gain=2.0|hfa=learned|pace=1.0|park=0|regress=0.2|rest=0 z=2.23
TODAY'S SIMS: 94 upcoming games x 10000 sims in 5.6s -> data/sports/sim_today.json
sim run done in 152s
THE SIMULATOR: tried 120 NEW sim configs (1326 ever) in 246.6s · 2160 cell tests (luck alone would give ~0.502 suspects)
   new suspects: 0 · promoted to PROVEN: 0 · killed: 0 · proven demoted: 0 · better-sim suspects: 2 (promoted [], killed [])
   now watching 0 suspects · 0 proven · 0 killed
   mlb: ml LL sim 0.6828 / mkt 0.6763 / blend 0.6763 (w 0.08) · bets@0.08 n=4322 roi -0.003 z +2.0 | spread LL sim 0.6844 / mkt 0.6754 / blend 0.6756 (w 0.10) · bets@0.02 n=14316 roi -0.032 z +1.0 | total LL sim 0.7049 / mkt 0.6940 / blend 0.6940 (w 0.06) · bets@0.02 n=14855 roi -0.034 z +1.2
   nba: ml LL sim 0.6162 / mkt 0.5911 / blend 0.5913 (w 0.07) · bets@0.08 n=4093 roi -0.019 z +0.4 | spread LL sim 0.7201 / mkt 0.6945 / blend 0.6945 (w 0.02) · bets@0.04 n=6935 roi -0.036 z +0.7 | total LL sim 0.7192 / mkt 0.6937 / blend 0.6937 (w 0.00) · bets@0.02 n=8348 roi -0.066 z -2.0
   ncaab: ml LL sim 0.5612 / mkt 0.5288 / blend 0.5288 (w 0.03) · bets@0.02 n=24474 roi -0.086 z +1.0 | spread LL sim 0.7336 / mkt 0.6946 / blend 0.6947 (w 0.06) · bets@0.10 n=12117 roi -0.030 z +1.7 | total LL sim 0.7100 / mkt 0.6935 / blend 0.6937 (w 0.14) · bets@0.02 n=23943 roi -0.030 z +2.6
   ncaaf: ml LL sim 0.5395 / mkt 0.4977 / blend 0.4979 (w 0.04) · bets@0.04 n=3751 roi -0.094 z -0.1 | spread LL sim 0.7530 / mkt 0.6931 / blend 0.6931 (w 0.00) · bets@0.06 n=3594 roi -0.066 z -1.2 | total LL sim 0.7159 / mkt 0.6931 / blend 0.6933 (w 0.08) · bets@0.08 n=2394 roi -0.022 z +1.2
   nfl: ml LL sim 0.6364 / mkt 0.6066 / blend 0.6066 (w 0.00) · bets@0.04 n=1489 roi -0.070 z -0.7 | spread LL sim 0.7181 / mkt 0.6944 / blend 0.6950 (w 0.13) · bets@0.08 n=944 roi -0.002 z +1.3 | total LL sim 0.7130 / mkt 0.6936 / blend 0.6936 (w 0.00) · bets@0.06 n=1052 roi -0.062 z -0.6
   nhl: ml LL sim 0.6689 / mkt 0.6630 / blend 0.6630 (w 0.00) · bets@0.08 n=881 roi -0.003 z +0.7 | spread LL sim 0.6633 / mkt 0.6542 / blend 0.6541 (w 0.08) · bets@0.10 n=1233 roi +0.001 z +1.7 | total LL sim 0.6956 / mkt 0.6918 / blend 0.6919 (w 0.16) · bets@0.06 n=1518 roi +0.008 z +2.2
   better-sim suspect nfl|disp=1.12|form=0.0|gain=1.5|hfa=learned|keys=1|pace=0.5|park=1|regress=0.4|rest=1: log loss -0.0012 (older half) -0.0043 (newer) vs the best - needs forward games
   better-sim suspect ncaaf|disp=1.06|form=0.25|gain=1.0|hfa=team|keys=0|pace=0.5|park=0|regress=0.1|rest=1: log loss -0.0067 (older half) -0.0074 (newer) vs the best - needs forward games
   closest miss: mlb|ml|thr:0.10|mlb|disp=7.0|form=0.0|gain=2.0|hfa=learned|pace=2.0|park=1|regress=0.4|rest=1 z=2.89
   closest miss: nhl|total|thr:0.08|nhl|disp=25.0|form=0.0|gain=1.5|hfa=team|pace=1.5|park=0|regress=0.6|rest=1 z=2.75
   closest miss: nhl|total|thr:0.08|nhl|disp=0.0|form=0.5|gain=1.0|hfa=team|pace=1.0|park=0|regress=0.6|rest=0 z=2.69
TODAY'S SIMS: 130 upcoming games x 10000 sims in 10.0s -> data/sports/sim_today.json
sim run done in 259s
THE SIMULATOR: tried 120 NEW sim configs (1446 ever) in 240.2s · 2160 cell tests (luck alone would give ~0.502 suspects)
   new suspects: 0 · promoted to PROVEN: 0 · killed: 0 · proven demoted: 0 · better-sim suspects: 1 (promoted [], killed [])
   now watching 0 suspects · 0 proven · 0 killed
   mlb: ml LL sim 0.6828 / mkt 0.6763 / blend 0.6763 (w 0.08) · bets@0.08 n=4322 roi -0.003 z +2.0 | spread LL sim 0.6844 / mkt 0.6754 / blend 0.6756 (w 0.10) · bets@0.02 n=14316 roi -0.032 z +1.0 | total LL sim 0.7049 / mkt 0.6940 / blend 0.6940 (w 0.06) · bets@0.02 n=14855 roi -0.034 z +1.2
   nba: ml LL sim 0.6162 / mkt 0.5911 / blend 0.5913 (w 0.07) · bets@0.08 n=4093 roi -0.019 z +0.4 | spread LL sim 0.7201 / mkt 0.6945 / blend 0.6945 (w 0.02) · bets@0.04 n=6935 roi -0.036 z +0.7 | total LL sim 0.7192 / mkt 0.6937 / blend 0.6937 (w 0.00) · bets@0.02 n=8348 roi -0.066 z -2.0
   ncaab: ml LL sim 0.5612 / mkt 0.5288 / blend 0.5288 (w 0.03) · bets@0.02 n=24474 roi -0.086 z +1.0 | spread LL sim 0.7336 / mkt 0.6946 / blend 0.6947 (w 0.06) · bets@0.10 n=12117 roi -0.030 z +1.7 | total LL sim 0.7100 / mkt 0.6935 / blend 0.6937 (w 0.14) · bets@0.02 n=23943 roi -0.030 z +2.6
   ncaaf: ml LL sim 0.5395 / mkt 0.4977 / blend 0.4979 (w 0.04) · bets@0.04 n=3751 roi -0.094 z -0.1 | spread LL sim 0.7530 / mkt 0.6931 / blend 0.6931 (w 0.00) · bets@0.06 n=3594 roi -0.066 z -1.2 | total LL sim 0.7159 / mkt 0.6931 / blend 0.6933 (w 0.08) · bets@0.08 n=2394 roi -0.022 z +1.2
   nfl: ml LL sim 0.6364 / mkt 0.6066 / blend 0.6066 (w 0.00) · bets@0.04 n=1489 roi -0.070 z -0.7 | spread LL sim 0.7181 / mkt 0.6944 / blend 0.6950 (w 0.13) · bets@0.08 n=944 roi -0.002 z +1.3 | total LL sim 0.7130 / mkt 0.6936 / blend 0.6936 (w 0.00) · bets@0.06 n=1052 roi -0.062 z -0.6
   nhl: ml LL sim 0.6689 / mkt 0.6630 / blend 0.6630 (w 0.00) · bets@0.08 n=881 roi -0.003 z +0.7 | spread LL sim 0.6633 / mkt 0.6542 / blend 0.6541 (w 0.08) · bets@0.10 n=1233 roi +0.001 z +1.7 | total LL sim 0.6956 / mkt 0.6918 / blend 0.6919 (w 0.16) · bets@0.06 n=1518 roi +0.008 z +2.2
   better-sim suspect ncaaf|disp=1.12|form=0.5|gain=0.5|hfa=team|keys=0|pace=1.5|park=0|regress=0.1|rest=0: log loss -0.0050 (older half) -0.0078 (newer) vs the best - needs forward games
   closest miss: mlb|ml|thr:0.10|mlb|disp=5.0|form=0.5|gain=0.75|hfa=none|pace=1.5|park=0|regress=0.1|rest=1 z=2.87
   closest miss: mlb|ml|thr:0.10|mlb|disp=7.0|form=0.0|gain=1.0|hfa=team|pace=1.5|park=0|regress=0.2|rest=1 z=2.46
   closest miss: mlb|ml|thr:0.08|mlb|disp=5.0|form=0.0|gain=1.5|hfa=learned|pace=0.33|park=1|regress=0.1|rest=1 z=2.44
TODAY'S SIMS: 130 upcoming games x 10000 sims in 10.0s -> data/sports/sim_today.json
sim run done in 253s
THE SIMULATOR: tried 120 NEW sim configs (1566 ever) in 165.1s · 2160 cell tests (luck alone would give ~0.502 suspects)
   new suspects: 0 · promoted to PROVEN: 0 · killed: 0 · proven demoted: 0 · better-sim suspects: 1 (promoted [], killed [])
   now watching 0 suspects · 0 proven · 0 killed
   mlb: ml LL sim 0.6828 / mkt 0.6763 / blend 0.6763 (w 0.08) · bets@0.08 n=4322 roi -0.003 z +2.0 | spread LL sim 0.6844 / mkt 0.6754 / blend 0.6756 (w 0.10) · bets@0.02 n=14316 roi -0.032 z +1.0 | total LL sim 0.7049 / mkt 0.6940 / blend 0.6940 (w 0.06) · bets@0.02 n=14855 roi -0.034 z +1.2
   nba: ml LL sim 0.6162 / mkt 0.5911 / blend 0.5913 (w 0.07) · bets@0.08 n=4093 roi -0.019 z +0.4 | spread LL sim 0.7201 / mkt 0.6945 / blend 0.6945 (w 0.02) · bets@0.04 n=6935 roi -0.036 z +0.7 | total LL sim 0.7192 / mkt 0.6937 / blend 0.6937 (w 0.00) · bets@0.02 n=8348 roi -0.066 z -2.0
   ncaab: ml LL sim 0.5612 / mkt 0.5288 / blend 0.5288 (w 0.03) · bets@0.02 n=24474 roi -0.086 z +1.0 | spread LL sim 0.7336 / mkt 0.6946 / blend 0.6947 (w 0.06) · bets@0.10 n=12117 roi -0.030 z +1.7 | total LL sim 0.7100 / mkt 0.6935 / blend 0.6937 (w 0.14) · bets@0.02 n=23943 roi -0.030 z +2.6
   ncaaf: ml LL sim 0.5395 / mkt 0.4977 / blend 0.4979 (w 0.04) · bets@0.04 n=3751 roi -0.094 z -0.1 | spread LL sim 0.7530 / mkt 0.6931 / blend 0.6931 (w 0.00) · bets@0.06 n=3594 roi -0.066 z -1.2 | total LL sim 0.7159 / mkt 0.6931 / blend 0.6933 (w 0.08) · bets@0.08 n=2394 roi -0.022 z +1.2
   nfl: ml LL sim 0.6364 / mkt 0.6066 / blend 0.6066 (w 0.00) · bets@0.04 n=1489 roi -0.070 z -0.7 | spread LL sim 0.7181 / mkt 0.6944 / blend 0.6950 (w 0.13) · bets@0.08 n=944 roi -0.002 z +1.3 | total LL sim 0.7130 / mkt 0.6936 / blend 0.6936 (w 0.00) · bets@0.06 n=1052 roi -0.062 z -0.6
   nhl: ml LL sim 0.6689 / mkt 0.6630 / blend 0.6630 (w 0.00) · bets@0.08 n=881 roi -0.003 z +0.7 | spread LL sim 0.6633 / mkt 0.6542 / blend 0.6541 (w 0.08) · bets@0.10 n=1233 roi +0.001 z +1.7 | total LL sim 0.6956 / mkt 0.6918 / blend 0.6919 (w 0.16) · bets@0.06 n=1518 roi +0.008 z +2.2
   better-sim suspect nba|disp=1.12|form=0.25|gain=0.75|hfa=learned|pace=0.5|park=0|regress=0.6|rest=1: log loss -0.0035 (older half) -0.0034 (newer) vs the best - needs forward games
   closest miss: ncaab|total|blend|ncaab|disp=1.06|form=0.5|gain=3.0|hfa=learned|pace=1.5|park=1|regress=0.1|rest=0 z=2.48
   closest miss: mlb|ml|thr:0.08|mlb|disp=7.0|form=0.25|gain=1.0|hfa=learned|pace=0.33|park=1|regress=0.1|rest=0 z=2.42
   closest miss: mlb|ml|thr:0.08|mlb|disp=7.0|form=0.0|gain=1.5|hfa=learned|pace=0.33|park=1|regress=0.1|rest=0 z=2.42
TODAY'S SIMS: 130 upcoming games x 10000 sims in 6.9s -> data/sports/sim_today.json
sim run done in 174s
THE SIMULATOR: tried 120 NEW sim configs (1686 ever) in 171.1s · 2160 cell tests (luck alone would give ~0.502 suspects)
   new suspects: 0 · promoted to PROVEN: 0 · killed: 0 · proven demoted: 0 · better-sim suspects: 2 (promoted [], killed [])
   now watching 0 suspects · 0 proven · 0 killed
   mlb: ml LL sim 0.6828 / mkt 0.6763 / blend 0.6763 (w 0.08) · bets@0.08 n=4322 roi -0.003 z +2.0 | spread LL sim 0.6844 / mkt 0.6754 / blend 0.6756 (w 0.10) · bets@0.02 n=14317 roi -0.032 z +1.0 | total LL sim 0.7049 / mkt 0.6940 / blend 0.6940 (w 0.06) · bets@0.02 n=14854 roi -0.034 z +1.2
   nba: ml LL sim 0.6167 / mkt 0.5915 / blend 0.5917 (w 0.07) · bets@0.08 n=4104 roi -0.020 z +0.3 | spread LL sim 0.7202 / mkt 0.6945 / blend 0.6945 (w 0.02) · bets@0.04 n=6979 roi -0.035 z +0.8 | total LL sim 0.7190 / mkt 0.6937 / blend 0.6937 (w 0.00) · bets@0.02 n=8348 roi -0.069 z -2.3
   ncaab: ml LL sim 0.5609 / mkt 0.5284 / blend 0.5284 (w 0.03) · bets@0.04 n=19347 roi -0.091 z +0.9 | spread LL sim 0.7338 / mkt 0.6946 / blend 0.6947 (w 0.06) · bets@0.10 n=11973 roi -0.029 z +1.8 | total LL sim 0.7099 / mkt 0.6935 / blend 0.6937 (w 0.14) · bets@0.02 n=23625 roi -0.030 z +2.5
   ncaaf: ml LL sim 0.5378 / mkt 0.4928 / blend 0.4930 (w 0.04) · bets@0.04 n=3851 roi -0.096 z -0.1 | spread LL sim 0.7576 / mkt 0.6931 / blend 0.6931 (w 0.00) · bets@0.06 n=3673 roi -0.067 z -1.3 | total LL sim 0.7148 / mkt 0.6930 / blend 0.6931 (w 0.09) · bets@0.08 n=2447 roi -0.023 z +1.2
   nfl: ml LL sim 0.6359 / mkt 0.6063 / blend 0.6063 (w 0.00) · bets@0.08 n=878 roi -0.091 z -0.7 | spread LL sim 0.7180 / mkt 0.6944 / blend 0.6950 (w 0.13) · bets@0.08 n=945 roi -0.005 z +1.2 | total LL sim 0.7137 / mkt 0.6936 / blend 0.6936 (w 0.00) · bets@0.06 n=1089 roi -0.062 z -0.6
   nhl: ml LL sim 0.6689 / mkt 0.6630 / blend 0.6630 (w 0.00) · bets@0.08 n=881 roi -0.008 z +0.7 | spread LL sim 0.6633 / mkt 0.6542 / blend 0.6541 (w 0.08) · bets@0.10 n=1234 roi -0.000 z +1.7 | total LL sim 0.6956 / mkt 0.6918 / blend 0.6919 (w 0.16) · bets@0.06 n=1541 roi +0.007 z +2.1
   better-sim suspect mlb|disp=2.5|form=0.25|gain=0.75|hfa=learned|pace=0.5|park=1|regress=0.2|rest=1: log loss -0.0012 (older half) -0.0013 (newer) vs the best - needs forward games
   better-sim suspect mlb|disp=2.5|form=0.25|gain=1.0|hfa=learned|pace=0.33|park=1|regress=0.4|rest=1: log loss -0.0013 (older half) -0.0009 (newer) vs the best - needs forward games
   closest miss: ncaaf|total|thr:0.08|ncaaf|disp=1.0|form=0.25|gain=0.5|hfa=none|keys=1|pace=0.5|park=1|regress=0.4|rest=1 z=3.05
   closest miss: ncaab|total|blend|ncaab|disp=0.94|form=0.5|gain=2.0|hfa=team|pace=2.0|park=1|regress=0.1|rest=1 z=2.6
   closest miss: mlb|ml|thr:0.08|mlb|disp=7.0|form=0.25|gain=0.5|hfa=learned|pace=1.5|park=1|regress=0.1|rest=1 z=2.46
TODAY'S SIMS: 293 upcoming games x 10000 sims in 8.8s -> data/sports/sim_today.json
sim run done in 182s
THE SIMULATOR: tried 120 NEW sim configs (1806 ever) in 245.4s · 2160 cell tests (luck alone would give ~0.502 suspects)
   new suspects: 0 · promoted to PROVEN: 0 · killed: 0 · proven demoted: 0 · better-sim suspects: 0 (promoted [], killed [])
   now watching 0 suspects · 0 proven · 0 killed
   mlb: ml LL sim 0.6828 / mkt 0.6763 / blend 0.6763 (w 0.09) · bets@0.08 n=4322 roi -0.003 z +2.0 | spread LL sim 0.6844 / mkt 0.6754 / blend 0.6756 (w 0.10) · bets@0.02 n=14317 roi -0.032 z +1.0 | total LL sim 0.7049 / mkt 0.6940 / blend 0.6940 (w 0.06) · bets@0.02 n=14855 roi -0.034 z +1.2
   nba: ml LL sim 0.6167 / mkt 0.5915 / blend 0.5917 (w 0.07) · bets@0.08 n=4104 roi -0.020 z +0.3 | spread LL sim 0.7202 / mkt 0.6945 / blend 0.6945 (w 0.02) · bets@0.04 n=6979 roi -0.035 z +0.8 | total LL sim 0.7190 / mkt 0.6937 / blend 0.6937 (w 0.00) · bets@0.02 n=8348 roi -0.069 z -2.3
   ncaab: ml LL sim 0.5609 / mkt 0.5284 / blend 0.5284 (w 0.03) · bets@0.04 n=19347 roi -0.091 z +0.9 | spread LL sim 0.7338 / mkt 0.6946 / blend 0.6947 (w 0.06) · bets@0.10 n=11973 roi -0.029 z +1.8 | total LL sim 0.7099 / mkt 0.6935 / blend 0.6937 (w 0.14) · bets@0.02 n=23625 roi -0.030 z +2.5
   ncaaf: ml LL sim 0.5382 / mkt 0.4927 / blend 0.4929 (w 0.04) · bets@0.04 n=3851 roi -0.096 z -0.1 | spread LL sim 0.7569 / mkt 0.6931 / blend 0.6931 (w 0.00) · bets@0.06 n=3685 roi -0.066 z -1.3 | total LL sim 0.7146 / mkt 0.6930 / blend 0.6931 (w 0.09) · bets@0.08 n=2450 roi -0.020 z +1.4
   nfl: ml LL sim 0.6360 / mkt 0.6065 / blend 0.6065 (w 0.00) · bets@0.04 n=1494 roi -0.071 z -0.7 | spread LL sim 0.7177 / mkt 0.6945 / blend 0.6950 (w 0.13) · bets@0.08 n=945 roi -0.005 z +1.2 | total LL sim 0.7137 / mkt 0.6936 / blend 0.6936 (w 0.00) · bets@0.06 n=1090 roi -0.061 z -0.6
   nhl: ml LL sim 0.6690 / mkt 0.6631 / blend 0.6631 (w 0.00) · bets@0.08 n=881 roi -0.008 z +0.7 | spread LL sim 0.6631 / mkt 0.6539 / blend 0.6538 (w 0.08) · bets@0.10 n=1237 roi -0.001 z +1.6 | total LL sim 0.6956 / mkt 0.6918 / blend 0.6919 (w 0.16) · bets@0.06 n=1541 roi +0.007 z +2.1
   closest miss: ncaaf|total|thr:0.10|ncaaf|disp=1.06|form=0.5|gain=0.5|hfa=none|keys=1|pace=0.33|park=1|regress=0.1|rest=0 z=3.07
   closest miss: ncaaf|total|thr:0.10|ncaaf|disp=1.12|form=0.0|gain=0.5|hfa=learned|keys=1|pace=0.5|park=0|regress=0.4|rest=1 z=2.6
   closest miss: mlb|spread|thr:0.10|mlb|disp=7.0|form=0.25|gain=1.0|hfa=none|pace=0.33|park=0|regress=0.2|rest=1 z=2.56
TODAY'S SIMS: 386 upcoming games x 10000 sims in 14.1s -> data/sports/sim_today.json
sim run done in 262s
THE SIMULATOR: tried 120 NEW sim configs (1926 ever) in 241.3s · 2160 cell tests (luck alone would give ~0.502 suspects)
   new suspects: 0 · promoted to PROVEN: 0 · killed: 0 · proven demoted: 0 · better-sim suspects: 1 (promoted [], killed [])
   now watching 0 suspects · 0 proven · 0 killed
   mlb: ml LL sim 0.6828 / mkt 0.6763 / blend 0.6763 (w 0.09) · bets@0.08 n=4322 roi -0.003 z +2.0 | spread LL sim 0.6844 / mkt 0.6754 / blend 0.6756 (w 0.10) · bets@0.02 n=14317 roi -0.032 z +1.0 | total LL sim 0.7049 / mkt 0.6940 / blend 0.6940 (w 0.06) · bets@0.02 n=14855 roi -0.034 z +1.2
   nba: ml LL sim 0.6167 / mkt 0.5915 / blend 0.5917 (w 0.07) · bets@0.08 n=4104 roi -0.020 z +0.3 | spread LL sim 0.7202 / mkt 0.6945 / blend 0.6945 (w 0.02) · bets@0.04 n=6979 roi -0.035 z +0.8 | total LL sim 0.7190 / mkt 0.6937 / blend 0.6937 (w 0.00) · bets@0.02 n=8348 roi -0.069 z -2.3
   ncaab: ml LL sim 0.5609 / mkt 0.5284 / blend 0.5284 (w 0.03) · bets@0.04 n=19347 roi -0.091 z +0.9 | spread LL sim 0.7338 / mkt 0.6946 / blend 0.6947 (w 0.06) · bets@0.10 n=11973 roi -0.029 z +1.8 | total LL sim 0.7099 / mkt 0.6935 / blend 0.6937 (w 0.14) · bets@0.02 n=23625 roi -0.030 z +2.5
   ncaaf: ml LL sim 0.5382 / mkt 0.4927 / blend 0.4929 (w 0.04) · bets@0.04 n=3851 roi -0.096 z -0.1 | spread LL sim 0.7569 / mkt 0.6931 / blend 0.6931 (w 0.00) · bets@0.06 n=3685 roi -0.066 z -1.3 | total LL sim 0.7146 / mkt 0.6930 / blend 0.6931 (w 0.09) · bets@0.08 n=2450 roi -0.020 z +1.4
   nfl: ml LL sim 0.6360 / mkt 0.6065 / blend 0.6065 (w 0.00) · bets@0.04 n=1494 roi -0.071 z -0.7 | spread LL sim 0.7177 / mkt 0.6945 / blend 0.6950 (w 0.13) · bets@0.08 n=945 roi -0.005 z +1.2 | total LL sim 0.7137 / mkt 0.6936 / blend 0.6936 (w 0.00) · bets@0.06 n=1090 roi -0.061 z -0.6
   nhl: ml LL sim 0.6690 / mkt 0.6631 / blend 0.6631 (w 0.00) · bets@0.08 n=881 roi -0.008 z +0.7 | spread LL sim 0.6631 / mkt 0.6539 / blend 0.6538 (w 0.08) · bets@0.10 n=1237 roi -0.001 z +1.6 | total LL sim 0.6956 / mkt 0.6918 / blend 0.6919 (w 0.16) · bets@0.06 n=1541 roi +0.007 z +2.1
   better-sim suspect nba|disp=1.12|form=0.0|gain=1.0|hfa=learned|pace=1.0|park=0|regress=0.2|rest=1: log loss -0.0034 (older half) -0.0039 (newer) vs the best - needs forward games
   closest miss: mlb|ml|thr:0.08|mlb|disp=7.0|form=0.0|gain=1.5|hfa=learned|pace=1.0|park=1|regress=0.1|rest=0 z=2.67
   closest miss: mlb|ml|thr:0.10|mlb|disp=2.5|form=0.0|gain=2.0|hfa=none|pace=2.0|park=0|regress=0.1|rest=1 z=2.28
   closest miss: nhl|total|thr:0.08|nhl|disp=0.0|form=0.25|gain=3.0|hfa=none|pace=0.33|park=0|regress=0.4|rest=1 z=2.27
TODAY'S SIMS: 386 upcoming games x 10000 sims in 14.1s -> data/sports/sim_today.json
sim run done in 258s
THE SIMULATOR: tried 120 NEW sim configs (2046 ever) in 252.7s · 2160 cell tests (luck alone would give ~0.502 suspects)
   new suspects: 0 · promoted to PROVEN: 0 · killed: 0 · proven demoted: 0 · better-sim suspects: 1 (promoted [], killed [])
   now watching 0 suspects · 0 proven · 0 killed
   mlb: ml LL sim 0.6828 / mkt 0.6763 / blend 0.6763 (w 0.09) · bets@0.08 n=4322 roi -0.003 z +2.0 | spread LL sim 0.6844 / mkt 0.6754 / blend 0.6756 (w 0.10) · bets@0.02 n=14317 roi -0.032 z +1.0 | total LL sim 0.7049 / mkt 0.6940 / blend 0.6940 (w 0.06) · bets@0.02 n=14855 roi -0.034 z +1.2
   nba: ml LL sim 0.6167 / mkt 0.5915 / blend 0.5917 (w 0.07) · bets@0.08 n=4104 roi -0.020 z +0.3 | spread LL sim 0.7202 / mkt 0.6945 / blend 0.6945 (w 0.02) · bets@0.04 n=6979 roi -0.035 z +0.8 | total LL sim 0.7190 / mkt 0.6937 / blend 0.6937 (w 0.00) · bets@0.02 n=8348 roi -0.069 z -2.3
   ncaab: ml LL sim 0.5609 / mkt 0.5284 / blend 0.5284 (w 0.03) · bets@0.04 n=19347 roi -0.091 z +0.9 | spread LL sim 0.7338 / mkt 0.6946 / blend 0.6947 (w 0.06) · bets@0.10 n=11973 roi -0.029 z +1.8 | total LL sim 0.7099 / mkt 0.6935 / blend 0.6937 (w 0.14) · bets@0.02 n=23625 roi -0.030 z +2.5
   ncaaf: ml LL sim 0.5382 / mkt 0.4927 / blend 0.4929 (w 0.04) · bets@0.04 n=3851 roi -0.096 z -0.1 | spread LL sim 0.7569 / mkt 0.6931 / blend 0.6931 (w 0.00) · bets@0.06 n=3685 roi -0.066 z -1.3 | total LL sim 0.7146 / mkt 0.6930 / blend 0.6931 (w 0.09) · bets@0.08 n=2450 roi -0.020 z +1.4
   nfl: ml LL sim 0.6360 / mkt 0.6065 / blend 0.6065 (w 0.00) · bets@0.04 n=1494 roi -0.071 z -0.7 | spread LL sim 0.7177 / mkt 0.6945 / blend 0.6950 (w 0.13) · bets@0.08 n=945 roi -0.005 z +1.2 | total LL sim 0.7137 / mkt 0.6936 / blend 0.6936 (w 0.00) · bets@0.06 n=1090 roi -0.061 z -0.6
   nhl: ml LL sim 0.6690 / mkt 0.6631 / blend 0.6631 (w 0.00) · bets@0.08 n=881 roi -0.008 z +0.7 | spread LL sim 0.6631 / mkt 0.6539 / blend 0.6538 (w 0.08) · bets@0.10 n=1237 roi -0.001 z +1.6 | total LL sim 0.6956 / mkt 0.6918 / blend 0.6919 (w 0.16) · bets@0.06 n=1541 roi +0.007 z +2.1
   better-sim suspect ncaaf|disp=1.12|form=0.0|gain=1.0|hfa=team|keys=1|pace=0.5|park=1|regress=0.1|rest=1: log loss -0.0053 (older half) -0.0088 (newer) vs the best - needs forward games
   closest miss: ncaaf|total|thr:0.10|ncaaf|disp=1.12|form=0.0|gain=1.0|hfa=team|keys=1|pace=0.5|park=1|regress=0.1|rest=1 z=2.86
   closest miss: nhl|total|thr:0.06|nhl|disp=25.0|form=0.0|gain=1.5|hfa=learned|pace=1.0|park=0|regress=0.4|rest=1 z=2.76
   closest miss: mlb|ml|thr:0.08|mlb|disp=7.0|form=0.0|gain=1.5|hfa=learned|pace=1.5|park=1|regress=0.2|rest=0 z=2.73
TODAY'S SIMS: 386 upcoming games x 10000 sims in 14.6s -> data/sports/sim_today.json
sim run done in 270s
THE SIMULATOR: tried 120 NEW sim configs (2166 ever) in 247.8s · 2160 cell tests (luck alone would give ~0.502 suspects)
   new suspects: 0 · promoted to PROVEN: 0 · killed: 0 · proven demoted: 0 · better-sim suspects: 0 (promoted [], killed [])
   now watching 0 suspects · 0 proven · 0 killed
   mlb: ml LL sim 0.6828 / mkt 0.6763 / blend 0.6763 (w 0.09) · bets@0.08 n=4322 roi -0.003 z +2.0 | spread LL sim 0.6844 / mkt 0.6754 / blend 0.6756 (w 0.10) · bets@0.02 n=14317 roi -0.032 z +1.0 | total LL sim 0.7049 / mkt 0.6940 / blend 0.6940 (w 0.06) · bets@0.02 n=14855 roi -0.034 z +1.2
   nba: ml LL sim 0.6167 / mkt 0.5915 / blend 0.5917 (w 0.07) · bets@0.08 n=4104 roi -0.020 z +0.3 | spread LL sim 0.7202 / mkt 0.6945 / blend 0.6945 (w 0.02) · bets@0.04 n=6979 roi -0.035 z +0.8 | total LL sim 0.7190 / mkt 0.6937 / blend 0.6937 (w 0.00) · bets@0.02 n=8348 roi -0.069 z -2.3
   ncaab: ml LL sim 0.5609 / mkt 0.5284 / blend 0.5284 (w 0.03) · bets@0.04 n=19347 roi -0.091 z +0.9 | spread LL sim 0.7338 / mkt 0.6946 / blend 0.6947 (w 0.06) · bets@0.10 n=11973 roi -0.029 z +1.8 | total LL sim 0.7099 / mkt 0.6935 / blend 0.6937 (w 0.14) · bets@0.02 n=23625 roi -0.030 z +2.5
   ncaaf: ml LL sim 0.5382 / mkt 0.4927 / blend 0.4929 (w 0.04) · bets@0.04 n=3851 roi -0.096 z -0.1 | spread LL sim 0.7569 / mkt 0.6931 / blend 0.6931 (w 0.00) · bets@0.06 n=3685 roi -0.066 z -1.3 | total LL sim 0.7146 / mkt 0.6930 / blend 0.6931 (w 0.09) · bets@0.08 n=2450 roi -0.020 z +1.4
   nfl: ml LL sim 0.6360 / mkt 0.6065 / blend 0.6065 (w 0.00) · bets@0.04 n=1494 roi -0.071 z -0.7 | spread LL sim 0.7177 / mkt 0.6945 / blend 0.6950 (w 0.13) · bets@0.08 n=945 roi -0.005 z +1.2 | total LL sim 0.7137 / mkt 0.6936 / blend 0.6936 (w 0.00) · bets@0.06 n=1090 roi -0.061 z -0.6
   nhl: ml LL sim 0.6690 / mkt 0.6631 / blend 0.6631 (w 0.00) · bets@0.08 n=881 roi -0.008 z +0.7 | spread LL sim 0.6631 / mkt 0.6539 / blend 0.6538 (w 0.08) · bets@0.10 n=1237 roi -0.001 z +1.6 | total LL sim 0.6956 / mkt 0.6918 / blend 0.6919 (w 0.16) · bets@0.06 n=1541 roi +0.007 z +2.1
   closest miss: ncaaf|total|thr:0.10|ncaaf|disp=1.0|form=0.0|gain=0.5|hfa=team|keys=1|pace=0.33|park=1|regress=0.6|rest=1 z=3.06
   closest miss: ncaab|total|blend|ncaab|disp=1.0|form=0.25|gain=3.0|hfa=learned|pace=2.0|park=1|regress=0.1|rest=1 z=2.61
   closest miss: ncaab|total|blend|ncaab|disp=1.0|form=0.5|gain=3.0|hfa=learned|pace=1.0|park=1|regress=0.2|rest=1 z=2.26
TODAY'S SIMS: 386 upcoming games x 10000 sims in 14.2s -> data/sports/sim_today.json
sim run done in 265s
THE SIMULATOR: tried 120 NEW sim configs (2286 ever) in 201.3s · 2160 cell tests (luck alone would give ~0.502 suspects)
   new suspects: 0 · promoted to PROVEN: 0 · killed: 0 · proven demoted: 0 · better-sim suspects: 0 (promoted [], killed [])
   now watching 0 suspects · 0 proven · 0 killed
   mlb: ml LL sim 0.6828 / mkt 0.6763 / blend 0.6763 (w 0.09) · bets@0.08 n=4322 roi -0.003 z +2.0 | spread LL sim 0.6844 / mkt 0.6754 / blend 0.6756 (w 0.10) · bets@0.02 n=14317 roi -0.032 z +1.0 | total LL sim 0.7049 / mkt 0.6940 / blend 0.6940 (w 0.06) · bets@0.02 n=14855 roi -0.034 z +1.2
   nba: ml LL sim 0.6167 / mkt 0.5915 / blend 0.5917 (w 0.07) · bets@0.08 n=4104 roi -0.020 z +0.3 | spread LL sim 0.7202 / mkt 0.6945 / blend 0.6945 (w 0.02) · bets@0.04 n=6979 roi -0.035 z +0.8 | total LL sim 0.7190 / mkt 0.6937 / blend 0.6937 (w 0.00) · bets@0.02 n=8348 roi -0.069 z -2.3
   ncaab: ml LL sim 0.5609 / mkt 0.5284 / blend 0.5284 (w 0.03) · bets@0.04 n=19347 roi -0.091 z +0.9 | spread LL sim 0.7338 / mkt 0.6946 / blend 0.6947 (w 0.06) · bets@0.10 n=11973 roi -0.029 z +1.8 | total LL sim 0.7099 / mkt 0.6935 / blend 0.6937 (w 0.14) · bets@0.02 n=23625 roi -0.030 z +2.5
   ncaaf: ml LL sim 0.5386 / mkt 0.4931 / blend 0.4933 (w 0.04) · bets@0.04 n=3854 roi -0.096 z -0.1 | spread LL sim 0.7571 / mkt 0.6931 / blend 0.6931 (w 0.00) · bets@0.06 n=3688 roi -0.066 z -1.3 | total LL sim 0.7145 / mkt 0.6930 / blend 0.6931 (w 0.09) · bets@0.08 n=2451 roi -0.020 z +1.4
   nfl: ml LL sim 0.6360 / mkt 0.6065 / blend 0.6065 (w 0.00) · bets@0.04 n=1494 roi -0.071 z -0.7 | spread LL sim 0.7177 / mkt 0.6945 / blend 0.6950 (w 0.13) · bets@0.08 n=945 roi -0.005 z +1.2 | total LL sim 0.7137 / mkt 0.6936 / blend 0.6936 (w 0.00) · bets@0.06 n=1090 roi -0.061 z -0.6
   nhl: ml LL sim 0.6691 / mkt 0.6634 / blend 0.6634 (w 0.00) · bets@0.08 n=881 roi -0.008 z +0.7 | spread LL sim 0.6629 / mkt 0.6538 / blend 0.6537 (w 0.08) · bets@0.10 n=1237 roi -0.001 z +1.6 | total LL sim 0.6956 / mkt 0.6918 / blend 0.6919 (w 0.16) · bets@0.06 n=1542 roi +0.006 z +2.1
   closest miss: ncaab|total|blend|ncaab|disp=0.94|form=0.25|gain=3.0|hfa=none|pace=2.0|park=1|regress=0.4|rest=0 z=2.68
   closest miss: ncaab|total|blend|ncaab|disp=1.06|form=0.5|gain=3.0|hfa=none|pace=1.5|park=1|regress=0.2|rest=0 z=2.65
   closest miss: mlb|ml|thr:0.10|mlb|disp=3.5|form=0.25|gain=1.5|hfa=team|pace=2.0|park=1|regress=0.2|rest=0 z=2.39
TODAY'S SIMS: 401 upcoming games x 10000 sims in 11.7s -> data/sports/sim_today.json
sim run done in 215s
THE SIMULATOR: tried 120 NEW sim configs (2406 ever) in 249.8s · 2160 cell tests (luck alone would give ~0.502 suspects)
   new suspects: 0 · promoted to PROVEN: 0 · killed: 0 · proven demoted: 0 · better-sim suspects: 1 (promoted [], killed [])
   now watching 0 suspects · 0 proven · 0 killed
   mlb: ml LL sim 0.6828 / mkt 0.6763 / blend 0.6763 (w 0.09) · bets@0.08 n=4322 roi -0.003 z +2.0 | spread LL sim 0.6844 / mkt 0.6754 / blend 0.6756 (w 0.10) · bets@0.02 n=14317 roi -0.032 z +1.0 | total LL sim 0.7049 / mkt 0.6940 / blend 0.6940 (w 0.06) · bets@0.02 n=14855 roi -0.034 z +1.2
   nba: ml LL sim 0.6167 / mkt 0.5915 / blend 0.5917 (w 0.07) · bets@0.08 n=4104 roi -0.020 z +0.3 | spread LL sim 0.7202 / mkt 0.6945 / blend 0.6945 (w 0.02) · bets@0.04 n=6979 roi -0.035 z +0.8 | total LL sim 0.7190 / mkt 0.6937 / blend 0.6937 (w 0.00) · bets@0.02 n=8348 roi -0.069 z -2.3
   ncaab: ml LL sim 0.5609 / mkt 0.5284 / blend 0.5284 (w 0.03) · bets@0.04 n=19347 roi -0.091 z +0.9 | spread LL sim 0.7338 / mkt 0.6946 / blend 0.6947 (w 0.06) · bets@0.10 n=11973 roi -0.029 z +1.8 | total LL sim 0.7099 / mkt 0.6935 / blend 0.6937 (w 0.14) · bets@0.02 n=23625 roi -0.030 z +2.5
   ncaaf: ml LL sim 0.5387 / mkt 0.4935 / blend 0.4937 (w 0.04) · bets@0.04 n=3855 roi -0.095 z -0.1 | spread LL sim 0.7570 / mkt 0.6931 / blend 0.6931 (w 0.00) · bets@0.06 n=3689 roi -0.066 z -1.3 | total LL sim 0.7145 / mkt 0.6930 / blend 0.6931 (w 0.09) · bets@0.08 n=2451 roi -0.020 z +1.4
   nfl: ml LL sim 0.6360 / mkt 0.6065 / blend 0.6065 (w 0.00) · bets@0.04 n=1494 roi -0.071 z -0.7 | spread LL sim 0.7177 / mkt 0.6945 / blend 0.6950 (w 0.13) · bets@0.08 n=945 roi -0.005 z +1.2 | total LL sim 0.7137 / mkt 0.6936 / blend 0.6936 (w 0.00) · bets@0.06 n=1090 roi -0.061 z -0.6
   nhl: ml LL sim 0.6691 / mkt 0.6634 / blend 0.6634 (w 0.00) · bets@0.08 n=881 roi -0.008 z +0.7 | spread LL sim 0.6629 / mkt 0.6538 / blend 0.6537 (w 0.08) · bets@0.10 n=1237 roi -0.001 z +1.6 | total LL sim 0.6956 / mkt 0.6918 / blend 0.6919 (w 0.16) · bets@0.06 n=1542 roi +0.006 z +2.1
   better-sim suspect mlb|disp=2.5|form=0.0|gain=1.0|hfa=learned|pace=1.5|park=1|regress=0.2|rest=1: log loss -0.0009 (older half) -0.0013 (newer) vs the best - needs forward games
   closest miss: nhl|total|thr:0.08|nhl|disp=25.0|form=0.25|gain=0.75|hfa=learned|pace=1.5|park=0|regress=0.4|rest=1 z=2.86
   closest miss: ncaab|total|blend|ncaab|disp=1.0|form=0.5|gain=3.0|hfa=team|pace=1.5|park=1|regress=0.4|rest=1 z=2.69
   closest miss: mlb|ml|thr:0.10|mlb|disp=7.0|form=0.0|gain=1.5|hfa=none|pace=0.33|park=1|regress=0.2|rest=1 z=2.67
TODAY'S SIMS: 400 upcoming games x 10000 sims in 14.5s -> data/sports/sim_today.json
sim run done in 267s
THE SIMULATOR: tried 120 NEW sim configs (2526 ever) in 245.4s · 2160 cell tests (luck alone would give ~0.502 suspects)
   new suspects: 0 · promoted to PROVEN: 0 · killed: 0 · proven demoted: 0 · better-sim suspects: 1 (promoted [], killed [])
   now watching 0 suspects · 0 proven · 0 killed
   mlb: ml LL sim 0.6828 / mkt 0.6763 / blend 0.6763 (w 0.09) · bets@0.08 n=4322 roi -0.003 z +2.0 | spread LL sim 0.6844 / mkt 0.6754 / blend 0.6756 (w 0.10) · bets@0.02 n=14317 roi -0.032 z +1.0 | total LL sim 0.7049 / mkt 0.6940 / blend 0.6940 (w 0.06) · bets@0.02 n=14855 roi -0.034 z +1.2
   nba: ml LL sim 0.6167 / mkt 0.5915 / blend 0.5917 (w 0.07) · bets@0.08 n=4104 roi -0.020 z +0.3 | spread LL sim 0.7202 / mkt 0.6945 / blend 0.6945 (w 0.02) · bets@0.04 n=6979 roi -0.035 z +0.8 | total LL sim 0.7190 / mkt 0.6937 / blend 0.6937 (w 0.00) · bets@0.02 n=8348 roi -0.069 z -2.3
   ncaab: ml LL sim 0.5609 / mkt 0.5284 / blend 0.5284 (w 0.03) · bets@0.04 n=19347 roi -0.091 z +0.9 | spread LL sim 0.7338 / mkt 0.6946 / blend 0.6947 (w 0.06) · bets@0.10 n=11973 roi -0.029 z +1.8 | total LL sim 0.7099 / mkt 0.6935 / blend 0.6937 (w 0.14) · bets@0.02 n=23625 roi -0.030 z +2.5
   ncaaf: ml LL sim 0.5387 / mkt 0.4935 / blend 0.4937 (w 0.04) · bets@0.04 n=3855 roi -0.095 z -0.1 | spread LL sim 0.7570 / mkt 0.6931 / blend 0.6931 (w 0.00) · bets@0.06 n=3689 roi -0.066 z -1.3 | total LL sim 0.7145 / mkt 0.6930 / blend 0.6931 (w 0.09) · bets@0.08 n=2451 roi -0.020 z +1.4
   nfl: ml LL sim 0.6360 / mkt 0.6065 / blend 0.6065 (w 0.00) · bets@0.04 n=1494 roi -0.071 z -0.7 | spread LL sim 0.7177 / mkt 0.6945 / blend 0.6950 (w 0.13) · bets@0.08 n=945 roi -0.005 z +1.2 | total LL sim 0.7137 / mkt 0.6936 / blend 0.6936 (w 0.00) · bets@0.06 n=1090 roi -0.061 z -0.6
   nhl: ml LL sim 0.6691 / mkt 0.6634 / blend 0.6634 (w 0.00) · bets@0.08 n=881 roi -0.008 z +0.7 | spread LL sim 0.6629 / mkt 0.6538 / blend 0.6537 (w 0.08) · bets@0.10 n=1237 roi -0.001 z +1.6 | total LL sim 0.6956 / mkt 0.6918 / blend 0.6919 (w 0.16) · bets@0.06 n=1542 roi +0.006 z +2.1
   better-sim suspect mlb|disp=2.5|form=0.25|gain=0.75|hfa=learned|pace=1.5|park=1|regress=0.2|rest=0: log loss -0.0011 (older half) -0.0013 (newer) vs the best - needs forward games
   closest miss: ncaaf|total|thr:0.08|ncaaf|disp=1.12|form=0.0|gain=0.75|hfa=learned|keys=0|pace=0.33|park=1|regress=0.2|rest=0 z=3.23
   closest miss: mlb|ml|thr:0.10|mlb|disp=7.0|form=0.5|gain=1.0|hfa=learned|pace=0.33|park=1|regress=0.2|rest=1 z=3.01
   closest miss: nhl|total|thr:0.08|nhl|disp=0.0|form=0.25|gain=1.5|hfa=team|pace=1.0|park=0|regress=0.6|rest=0 z=2.98
TODAY'S SIMS: 380 upcoming games x 10000 sims in 13.9s -> data/sports/sim_today.json
sim run done in 262s
THE SIMULATOR: tried 120 NEW sim configs (2646 ever) in 200.8s · 2160 cell tests (luck alone would give ~0.502 suspects)
   new suspects: 0 · promoted to PROVEN: 0 · killed: 0 · proven demoted: 0 · better-sim suspects: 1 (promoted [], killed [])
   now watching 0 suspects · 0 proven · 0 killed
   mlb: ml LL sim 0.6828 / mkt 0.6763 / blend 0.6763 (w 0.09) · bets@0.08 n=4322 roi -0.003 z +2.0 | spread LL sim 0.6844 / mkt 0.6753 / blend 0.6755 (w 0.10) · bets@0.02 n=14318 roi -0.032 z +1.0 | total LL sim 0.7049 / mkt 0.6940 / blend 0.6940 (w 0.05) · bets@0.02 n=14856 roi -0.034 z +1.2
   nba: ml LL sim 0.6167 / mkt 0.5915 / blend 0.5917 (w 0.07) · bets@0.08 n=4104 roi -0.020 z +0.3 | spread LL sim 0.7202 / mkt 0.6945 / blend 0.6945 (w 0.02) · bets@0.04 n=6979 roi -0.035 z +0.8 | total LL sim 0.7190 / mkt 0.6937 / blend 0.6937 (w 0.00) · bets@0.02 n=8348 roi -0.069 z -2.3
   ncaab: ml LL sim 0.5609 / mkt 0.5284 / blend 0.5284 (w 0.03) · bets@0.04 n=19347 roi -0.091 z +0.9 | spread LL sim 0.7338 / mkt 0.6946 / blend 0.6947 (w 0.06) · bets@0.10 n=11973 roi -0.029 z +1.8 | total LL sim 0.7099 / mkt 0.6935 / blend 0.6937 (w 0.14) · bets@0.02 n=23625 roi -0.030 z +2.5
   ncaaf: ml LL sim 0.5395 / mkt 0.4939 / blend 0.4942 (w 0.04) · bets@0.04 n=3876 roi -0.092 z -0.1 | spread LL sim 0.7573 / mkt 0.6931 / blend 0.6931 (w 0.00) · bets@0.06 n=3709 roi -0.065 z -1.2 | total LL sim 0.7141 / mkt 0.6930 / blend 0.6931 (w 0.08) · bets@0.08 n=2456 roi -0.019 z +1.4
   nfl: ml LL sim 0.6360 / mkt 0.6065 / blend 0.6065 (w 0.00) · bets@0.04 n=1494 roi -0.071 z -0.7 | spread LL sim 0.7177 / mkt 0.6945 / blend 0.6950 (w 0.13) · bets@0.08 n=945 roi -0.005 z +1.2 | total LL sim 0.7137 / mkt 0.6936 / blend 0.6936 (w 0.00) · bets@0.06 n=1090 roi -0.061 z -0.6
   nhl: ml LL sim 0.6691 / mkt 0.6634 / blend 0.6634 (w 0.00) · bets@0.08 n=881 roi -0.008 z +0.7 | spread LL sim 0.6629 / mkt 0.6538 / blend 0.6537 (w 0.08) · bets@0.10 n=1237 roi -0.001 z +1.6 | total LL sim 0.6956 / mkt 0.6918 / blend 0.6919 (w 0.16) · bets@0.06 n=1542 roi +0.006 z +2.1
   better-sim suspect nba|disp=1.12|form=0.25|gain=0.5|hfa=team|pace=1.5|park=1|regress=0.2|rest=1: log loss -0.0041 (older half) -0.0041 (newer) vs the best - needs forward games
   closest miss: ncaaf|total|thr:0.10|ncaaf|disp=0.94|form=0.25|gain=0.5|hfa=none|keys=0|pace=0.33|park=1|regress=0.4|rest=1 z=2.97
   closest miss: mlb|ml|thr:0.10|mlb|disp=7.0|form=0.0|gain=2.0|hfa=learned|pace=0.5|park=1|regress=0.1|rest=1 z=2.73
   closest miss: mlb|ml|thr:0.10|mlb|disp=5.0|form=0.25|gain=1.0|hfa=none|pace=1.0|park=1|regress=0.2|rest=0 z=2.53
TODAY'S SIMS: 327 upcoming games x 10000 sims in 10.8s -> data/sports/sim_today.json
sim run done in 214s
THE SIMULATOR: tried 120 NEW sim configs (2766 ever) in 137.8s · 2160 cell tests (luck alone would give ~0.502 suspects)
   new suspects: 0 · promoted to PROVEN: 0 · killed: 0 · proven demoted: 0 · better-sim suspects: 2 (promoted ['ncaaf|disp=1.12|form=0.0|gain=1.0|hfa=team|keys=1|pace=0.5|park=1|regress=0.1|rest=1'], killed ['ncaaf|disp=1.06|form=0.25|gain=1.0|hfa=team|keys=0|pace=0.5|park=0|regress=0.1|rest=1'])
   now watching 0 suspects · 0 proven · 0 killed
   mlb: ml LL sim 0.6827 / mkt 0.6762 / blend 0.6762 (w 0.09) · bets@0.08 n=4325 roi -0.004 z +2.0 | spread LL sim 0.6844 / mkt 0.6753 / blend 0.6755 (w 0.10) · bets@0.02 n=14321 roi -0.032 z +1.0 | total LL sim 0.7050 / mkt 0.6940 / blend 0.6940 (w 0.05) · bets@0.02 n=14858 roi -0.034 z +1.2
   nba: ml LL sim 0.6167 / mkt 0.5915 / blend 0.5917 (w 0.07) · bets@0.08 n=4104 roi -0.020 z +0.3 | spread LL sim 0.7202 / mkt 0.6945 / blend 0.6945 (w 0.02) · bets@0.04 n=6979 roi -0.035 z +0.8 | total LL sim 0.7190 / mkt 0.6937 / blend 0.6937 (w 0.00) · bets@0.02 n=8348 roi -0.069 z -2.3
   ncaab: ml LL sim 0.5609 / mkt 0.5284 / blend 0.5284 (w 0.03) · bets@0.04 n=19347 roi -0.091 z +0.9 | spread LL sim 0.7338 / mkt 0.6946 / blend 0.6947 (w 0.06) · bets@0.10 n=11973 roi -0.029 z +1.8 | total LL sim 0.7099 / mkt 0.6935 / blend 0.6937 (w 0.14) · bets@0.02 n=23625 roi -0.030 z +2.5
   ncaaf: ml LL sim 0.5349 / mkt 0.4953 / blend 0.4955 (w 0.04) · bets@0.04 n=3909 roi -0.088 z +0.1 | spread LL sim 0.7378 / mkt 0.6930 / blend 0.6930 (w 0.00) · bets@0.10 n=2320 roi -0.058 z -0.6 | total LL sim 0.7119 / mkt 0.6931 / blend 0.6928 (w 0.12) · bets@0.10 n=2046 roi +0.012 z +2.8
   nfl: ml LL sim 0.6360 / mkt 0.6065 / blend 0.6065 (w 0.00) · bets@0.04 n=1494 roi -0.071 z -0.7 | spread LL sim 0.7177 / mkt 0.6945 / blend 0.6950 (w 0.13) · bets@0.08 n=945 roi -0.005 z +1.2 | total LL sim 0.7137 / mkt 0.6936 / blend 0.6936 (w 0.00) · bets@0.06 n=1090 roi -0.061 z -0.6
   nhl: ml LL sim 0.6689 / mkt 0.6631 / blend 0.6631 (w 0.00) · bets@0.08 n=885 roi -0.012 z +0.6 | spread LL sim 0.6629 / mkt 0.6537 / blend 0.6536 (w 0.07) · bets@0.10 n=1241 roi -0.005 z +1.5 | total LL sim 0.6955 / mkt 0.6918 / blend 0.6919 (w 0.16) · bets@0.06 n=1542 roi +0.006 z +2.1
   NEW BEST SIM ncaaf|disp=1.12|form=0.0|gain=1.0|hfa=team|keys=1|pace=0.5|park=1|regress=0.1|rest=1
   better-sim suspect ncaaf|disp=1.12|form=0.25|gain=1.0|hfa=team|keys=1|pace=0.5|park=1|regress=0.1|rest=1: log loss -0.0031 (older half) -0.0014 (newer) vs the best - needs forward games
   better-sim suspect ncaaf|disp=1.12|form=0.0|gain=1.5|hfa=team|keys=1|pace=0.5|park=1|regress=0.1|rest=1: log loss -0.0031 (older half) -0.0014 (newer) vs the best - needs forward games
   closest miss: ncaaf|total|thr:0.10|ncaaf|disp=1.12|form=0.0|gain=1.0|hfa=team|keys=1|pace=0.33|park=1|regress=0.1|rest=1 z=2.84
   closest miss: ncaaf|total|thr:0.10|ncaaf|disp=1.12|form=0.0|gain=0.5|hfa=team|keys=1|pace=0.5|park=1|regress=0.1|rest=1 z=2.79
   closest miss: ncaaf|total|thr:0.10|ncaaf|disp=1.12|form=0.0|gain=1.0|hfa=learned|keys=1|pace=0.5|park=1|regress=0.1|rest=1 z=2.78
TODAY'S SIMS: 282 upcoming games x 10000 sims in 7.0s -> data/sports/sim_today.json
sim run done in 147s
THE SIMULATOR: tried 120 NEW sim configs (2886 ever) in 148.3s · 2160 cell tests (luck alone would give ~0.502 suspects)
   new suspects: 0 · promoted to PROVEN: 0 · killed: 0 · proven demoted: 0 · better-sim suspects: 0 (promoted [], killed [])
   now watching 0 suspects · 0 proven · 0 killed
   mlb: ml LL sim 0.6827 / mkt 0.6762 / blend 0.6762 (w 0.09) · bets@0.08 n=4325 roi -0.004 z +2.0 | spread LL sim 0.6844 / mkt 0.6753 / blend 0.6755 (w 0.10) · bets@0.02 n=14321 roi -0.032 z +1.0 | total LL sim 0.7050 / mkt 0.6940 / blend 0.6940 (w 0.05) · bets@0.02 n=14858 roi -0.034 z +1.2
   nba: ml LL sim 0.6167 / mkt 0.5915 / blend 0.5917 (w 0.07) · bets@0.08 n=4104 roi -0.020 z +0.3 | spread LL sim 0.7202 / mkt 0.6945 / blend 0.6945 (w 0.02) · bets@0.04 n=6979 roi -0.035 z +0.8 | total LL sim 0.7190 / mkt 0.6937 / blend 0.6937 (w 0.00) · bets@0.02 n=8348 roi -0.069 z -2.3
   ncaab: ml LL sim 0.5609 / mkt 0.5284 / blend 0.5284 (w 0.03) · bets@0.04 n=19347 roi -0.091 z +0.9 | spread LL sim 0.7338 / mkt 0.6946 / blend 0.6947 (w 0.06) · bets@0.10 n=11973 roi -0.029 z +1.8 | total LL sim 0.7099 / mkt 0.6935 / blend 0.6937 (w 0.14) · bets@0.02 n=23625 roi -0.030 z +2.5
   ncaaf: ml LL sim 0.5350 / mkt 0.4955 / blend 0.4957 (w 0.04) · bets@0.04 n=3912 roi -0.088 z +0.1 | spread LL sim 0.7379 / mkt 0.6930 / blend 0.6930 (w 0.00) · bets@0.10 n=2323 roi -0.058 z -0.6 | total LL sim 0.7120 / mkt 0.6931 / blend 0.6928 (w 0.12) · bets@0.10 n=2047 roi +0.012 z +2.8
   nfl: ml LL sim 0.6360 / mkt 0.6065 / blend 0.6065 (w 0.00) · bets@0.04 n=1494 roi -0.071 z -0.7 | spread LL sim 0.7177 / mkt 0.6945 / blend 0.6950 (w 0.13) · bets@0.08 n=945 roi -0.005 z +1.2 | total LL sim 0.7137 / mkt 0.6936 / blend 0.6936 (w 0.00) · bets@0.06 n=1090 roi -0.061 z -0.6
   nhl: ml LL sim 0.6689 / mkt 0.6631 / blend 0.6631 (w 0.00) · bets@0.08 n=885 roi -0.012 z +0.6 | spread LL sim 0.6629 / mkt 0.6537 / blend 0.6536 (w 0.07) · bets@0.10 n=1241 roi -0.005 z +1.5 | total LL sim 0.6955 / mkt 0.6918 / blend 0.6919 (w 0.16) · bets@0.06 n=1542 roi +0.006 z +2.1
   closest miss: ncaaf|total|thr:0.10|ncaaf|disp=1.12|form=0.0|gain=1.0|hfa=team|keys=1|pace=0.5|park=1|regress=0.1|rest=0 z=2.76
   closest miss: ncaab|total|blend|ncaab|disp=0.94|form=0.25|gain=3.0|hfa=team|pace=2.0|park=1|regress=0.6|rest=1 z=2.71
   closest miss: nhl|total|thr:0.08|nhl|disp=0.0|form=0.5|gain=2.0|hfa=learned|pace=0.5|park=0|regress=0.4|rest=0 z=2.6
TODAY'S SIMS: 281 upcoming games x 10000 sims in 7.7s -> data/sports/sim_today.json
sim run done in 158s
THE SIMULATOR: tried 120 NEW sim configs (3006 ever) in 249.0s · 2160 cell tests (luck alone would give ~0.502 suspects)
   new suspects: 0 · promoted to PROVEN: 0 · killed: 0 · proven demoted: 0 · better-sim suspects: 0 (promoted [], killed [])
   now watching 0 suspects · 0 proven · 0 killed
   mlb: ml LL sim 0.6827 / mkt 0.6762 / blend 0.6762 (w 0.09) · bets@0.08 n=4325 roi -0.004 z +2.0 | spread LL sim 0.6844 / mkt 0.6753 / blend 0.6755 (w 0.10) · bets@0.02 n=14321 roi -0.032 z +1.0 | total LL sim 0.7050 / mkt 0.6940 / blend 0.6940 (w 0.05) · bets@0.02 n=14858 roi -0.034 z +1.2
   nba: ml LL sim 0.6167 / mkt 0.5915 / blend 0.5917 (w 0.07) · bets@0.08 n=4104 roi -0.020 z +0.3 | spread LL sim 0.7202 / mkt 0.6945 / blend 0.6945 (w 0.02) · bets@0.04 n=6979 roi -0.035 z +0.8 | total LL sim 0.7190 / mkt 0.6937 / blend 0.6937 (w 0.00) · bets@0.02 n=8348 roi -0.069 z -2.3
   ncaab: ml LL sim 0.5609 / mkt 0.5284 / blend 0.5284 (w 0.03) · bets@0.04 n=19347 roi -0.091 z +0.9 | spread LL sim 0.7338 / mkt 0.6946 / blend 0.6947 (w 0.06) · bets@0.10 n=11973 roi -0.029 z +1.8 | total LL sim 0.7099 / mkt 0.6935 / blend 0.6937 (w 0.14) · bets@0.02 n=23625 roi -0.030 z +2.5
   ncaaf: ml LL sim 0.5350 / mkt 0.4955 / blend 0.4957 (w 0.04) · bets@0.04 n=3912 roi -0.088 z +0.1 | spread LL sim 0.7379 / mkt 0.6930 / blend 0.6930 (w 0.00) · bets@0.10 n=2323 roi -0.058 z -0.6 | total LL sim 0.7120 / mkt 0.6931 / blend 0.6928 (w 0.12) · bets@0.10 n=2047 roi +0.012 z +2.8
   nfl: ml LL sim 0.6359 / mkt 0.6063 / blend 0.6063 (w 0.00) · bets@0.04 n=1495 roi -0.072 z -0.7 | spread LL sim 0.7179 / mkt 0.6945 / blend 0.6951 (w 0.13) · bets@0.08 n=946 roi -0.006 z +1.2 | total LL sim 0.7139 / mkt 0.6936 / blend 0.6936 (w 0.00) · bets@0.06 n=1091 roi -0.062 z -0.6
   nhl: ml LL sim 0.6689 / mkt 0.6631 / blend 0.6631 (w 0.00) · bets@0.08 n=885 roi -0.012 z +0.6 | spread LL sim 0.6629 / mkt 0.6537 / blend 0.6536 (w 0.07) · bets@0.10 n=1241 roi -0.005 z +1.5 | total LL sim 0.6955 / mkt 0.6918 / blend 0.6919 (w 0.16) · bets@0.06 n=1542 roi +0.006 z +2.1
   closest miss: ncaaf|total|thr:0.10|ncaaf|disp=0.94|form=0.25|gain=0.5|hfa=none|keys=0|pace=0.33|park=0|regress=0.1|rest=0 z=2.74
   closest miss: mlb|ml|thr:0.10|mlb|disp=3.5|form=0.5|gain=0.75|hfa=team|pace=1.0|park=1|regress=0.1|rest=0 z=2.44
   closest miss: nhl|total|thr:0.08|nhl|disp=25.0|form=0.25|gain=3.0|hfa=none|pace=0.33|park=0|regress=0.2|rest=1 z=1.85
TODAY'S SIMS: 281 upcoming games x 10000 sims in 12.8s -> data/sports/sim_today.json
sim run done in 265s
THE SIMULATOR: tried 120 NEW sim configs (3126 ever) in 204.8s · 2160 cell tests (luck alone would give ~0.502 suspects)
   new suspects: 0 · promoted to PROVEN: 0 · killed: 0 · proven demoted: 0 · better-sim suspects: 1 (promoted [], killed [])
   now watching 0 suspects · 0 proven · 0 killed
   mlb: ml LL sim 0.6827 / mkt 0.6762 / blend 0.6762 (w 0.09) · bets@0.08 n=4325 roi -0.004 z +2.0 | spread LL sim 0.6844 / mkt 0.6753 / blend 0.6755 (w 0.10) · bets@0.02 n=14321 roi -0.032 z +1.0 | total LL sim 0.7050 / mkt 0.6940 / blend 0.6940 (w 0.05) · bets@0.02 n=14858 roi -0.034 z +1.2
   nba: ml LL sim 0.6167 / mkt 0.5915 / blend 0.5917 (w 0.07) · bets@0.08 n=4104 roi -0.020 z +0.3 | spread LL sim 0.7202 / mkt 0.6945 / blend 0.6945 (w 0.02) · bets@0.04 n=6979 roi -0.035 z +0.8 | total LL sim 0.7190 / mkt 0.6937 / blend 0.6937 (w 0.00) · bets@0.02 n=8348 roi -0.069 z -2.3
   ncaab: ml LL sim 0.5609 / mkt 0.5284 / blend 0.5284 (w 0.03) · bets@0.04 n=19347 roi -0.091 z +0.9 | spread LL sim 0.7338 / mkt 0.6946 / blend 0.6947 (w 0.06) · bets@0.10 n=11973 roi -0.029 z +1.8 | total LL sim 0.7099 / mkt 0.6935 / blend 0.6937 (w 0.14) · bets@0.02 n=23625 roi -0.030 z +2.5
   ncaaf: ml LL sim 0.5350 / mkt 0.4955 / blend 0.4957 (w 0.04) · bets@0.04 n=3912 roi -0.088 z +0.1 | spread LL sim 0.7379 / mkt 0.6930 / blend 0.6930 (w 0.00) · bets@0.10 n=2323 roi -0.058 z -0.6 | total LL sim 0.7120 / mkt 0.6931 / blend 0.6928 (w 0.12) · bets@0.10 n=2047 roi +0.012 z +2.8
   nfl: ml LL sim 0.6356 / mkt 0.6070 / blend 0.6070 (w 0.00) · bets@0.10 n=668 roi -0.095 z -0.6 | spread LL sim 0.7171 / mkt 0.6944 / blend 0.6949 (w 0.13) · bets@0.08 n=951 roi -0.003 z +1.3 | total LL sim 0.7143 / mkt 0.6937 / blend 0.6937 (w 0.00) · bets@0.06 n=1095 roi -0.064 z -0.7
   nhl: ml LL sim 0.6690 / mkt 0.6631 / blend 0.6631 (w 0.00) · bets@0.08 n=885 roi -0.012 z +0.6 | spread LL sim 0.6628 / mkt 0.6537 / blend 0.6536 (w 0.07) · bets@0.10 n=1241 roi -0.005 z +1.5 | total LL sim 0.6956 / mkt 0.6918 / blend 0.6919 (w 0.16) · bets@0.06 n=1542 roi +0.006 z +2.1
   better-sim suspect nba|disp=1.12|form=0.25|gain=0.75|hfa=learned|pace=1.5|park=0|regress=0.4|rest=1: log loss -0.0039 (older half) -0.0036 (newer) vs the best - needs forward games
   closest miss: mlb|ml|thr:0.10|mlb|disp=2.5|form=0.5|gain=1.0|hfa=team|pace=1.0|park=0|regress=0.1|rest=1 z=2.33
   closest miss: ncaab|total|blend|ncaab|disp=1.0|form=0.5|gain=1.5|hfa=team|pace=2.0|park=1|regress=0.4|rest=0 z=2.29
   closest miss: nhl|total|thr:0.08|nhl|disp=0.0|form=0.5|gain=1.0|hfa=none|pace=1.5|park=0|regress=0.6|rest=0 z=1.86
TODAY'S SIMS: 267 upcoming games x 10000 sims in 10.7s -> data/sports/sim_today.json
sim run done in 218s
THE SIMULATOR: tried 120 NEW sim configs (3246 ever) in 163.7s · 2160 cell tests (luck alone would give ~0.502 suspects)
   new suspects: 0 · promoted to PROVEN: 0 · killed: 0 · proven demoted: 0 · better-sim suspects: 1 (promoted [], killed [])
   now watching 0 suspects · 0 proven · 0 killed
   mlb: ml LL sim 0.6827 / mkt 0.6762 / blend 0.6762 (w 0.09) · bets@0.08 n=4326 roi -0.004 z +2.0 | spread LL sim 0.6843 / mkt 0.6753 / blend 0.6755 (w 0.10) · bets@0.02 n=14323 roi -0.032 z +1.0 | total LL sim 0.7049 / mkt 0.6940 / blend 0.6940 (w 0.05) · bets@0.02 n=14859 roi -0.034 z +1.2
   nba: ml LL sim 0.6167 / mkt 0.5915 / blend 0.5917 (w 0.07) · bets@0.08 n=4104 roi -0.020 z +0.3 | spread LL sim 0.7202 / mkt 0.6945 / blend 0.6945 (w 0.02) · bets@0.04 n=6979 roi -0.035 z +0.8 | total LL sim 0.7190 / mkt 0.6937 / blend 0.6937 (w 0.00) · bets@0.02 n=8348 roi -0.069 z -2.3
   ncaab: ml LL sim 0.5609 / mkt 0.5284 / blend 0.5284 (w 0.03) · bets@0.04 n=19347 roi -0.091 z +0.9 | spread LL sim 0.7338 / mkt 0.6946 / blend 0.6947 (w 0.06) · bets@0.10 n=11973 roi -0.029 z +1.8 | total LL sim 0.7099 / mkt 0.6935 / blend 0.6937 (w 0.14) · bets@0.02 n=23625 roi -0.030 z +2.5
   ncaaf: ml LL sim 0.5350 / mkt 0.4955 / blend 0.4957 (w 0.04) · bets@0.04 n=3912 roi -0.088 z +0.1 | spread LL sim 0.7379 / mkt 0.6930 / blend 0.6930 (w 0.00) · bets@0.10 n=2323 roi -0.058 z -0.6 | total LL sim 0.7120 / mkt 0.6931 / blend 0.6928 (w 0.12) · bets@0.10 n=2047 roi +0.012 z +2.8
   nfl: ml LL sim 0.6342 / mkt 0.6054 / blend 0.6054 (w 0.00) · bets@0.10 n=669 roi -0.092 z -0.5 | spread LL sim 0.7169 / mkt 0.6944 / blend 0.6949 (w 0.14) · bets@0.08 n=953 roi -0.001 z +1.4 | total LL sim 0.7146 / mkt 0.6936 / blend 0.6936 (w 0.00) · bets@0.06 n=1098 roi -0.065 z -0.7
   nhl: ml LL sim 0.6690 / mkt 0.6630 / blend 0.6630 (w 0.00) · bets@0.08 n=885 roi -0.012 z +0.6 | spread LL sim 0.6631 / mkt 0.6539 / blend 0.6538 (w 0.08) · bets@0.10 n=1242 roi -0.004 z +1.6 | total LL sim 0.6956 / mkt 0.6918 / blend 0.6919 (w 0.16) · bets@0.06 n=1542 roi +0.006 z +2.1
   better-sim suspect nhl|disp=10.0|form=0.0|gain=1.0|hfa=learned|pace=1.5|park=0|regress=0.1|rest=1: log loss -0.0017 (older half) -0.0006 (newer) vs the best - needs forward games
   closest miss: ncaaf|total|thr:0.08|ncaaf|disp=1.06|form=0.25|gain=0.5|hfa=none|keys=1|pace=0.33|park=1|regress=0.2|rest=0 z=3.03
   closest miss: ncaaf|total|thr:0.10|ncaaf|disp=1.0|form=0.5|gain=0.5|hfa=team|keys=0|pace=0.33|park=1|regress=0.6|rest=1 z=3.0
   closest miss: mlb|ml|thr:0.10|mlb|disp=7.0|form=0.25|gain=1.5|hfa=learned|pace=1.0|park=1|regress=0.1|rest=0 z=2.71
TODAY'S SIMS: 273 upcoming games x 10000 sims in 8.4s -> data/sports/sim_today.json
sim run done in 174s
THE SIMULATOR: tried 120 NEW sim configs (3366 ever) in 252.9s · 2160 cell tests (luck alone would give ~0.502 suspects)
   new suspects: 0 · promoted to PROVEN: 0 · killed: 0 · proven demoted: 0 · better-sim suspects: 0 (promoted [], killed [])
   now watching 0 suspects · 0 proven · 0 killed
   mlb: ml LL sim 0.6827 / mkt 0.6762 / blend 0.6762 (w 0.09) · bets@0.08 n=4326 roi -0.004 z +2.0 | spread LL sim 0.6843 / mkt 0.6753 / blend 0.6755 (w 0.10) · bets@0.02 n=14323 roi -0.032 z +1.0 | total LL sim 0.7049 / mkt 0.6940 / blend 0.6940 (w 0.05) · bets@0.02 n=14859 roi -0.034 z +1.2
   nba: ml LL sim 0.6167 / mkt 0.5915 / blend 0.5917 (w 0.07) · bets@0.08 n=4104 roi -0.020 z +0.3 | spread LL sim 0.7202 / mkt 0.6945 / blend 0.6945 (w 0.02) · bets@0.04 n=6979 roi -0.035 z +0.8 | total LL sim 0.7190 / mkt 0.6937 / blend 0.6937 (w 0.00) · bets@0.02 n=8348 roi -0.069 z -2.3
   ncaab: ml LL sim 0.5609 / mkt 0.5284 / blend 0.5284 (w 0.03) · bets@0.04 n=19347 roi -0.091 z +0.9 | spread LL sim 0.7338 / mkt 0.6946 / blend 0.6947 (w 0.06) · bets@0.10 n=11973 roi -0.029 z +1.8 | total LL sim 0.7099 / mkt 0.6935 / blend 0.6937 (w 0.14) · bets@0.02 n=23625 roi -0.030 z +2.5
   ncaaf: ml LL sim 0.5350 / mkt 0.4955 / blend 0.4957 (w 0.04) · bets@0.04 n=3912 roi -0.088 z +0.1 | spread LL sim 0.7379 / mkt 0.6930 / blend 0.6930 (w 0.00) · bets@0.10 n=2323 roi -0.058 z -0.6 | total LL sim 0.7120 / mkt 0.6931 / blend 0.6928 (w 0.12) · bets@0.10 n=2047 roi +0.012 z +2.8
   nfl: ml LL sim 0.6342 / mkt 0.6054 / blend 0.6054 (w 0.00) · bets@0.10 n=669 roi -0.092 z -0.5 | spread LL sim 0.7169 / mkt 0.6944 / blend 0.6949 (w 0.14) · bets@0.08 n=953 roi -0.001 z +1.4 | total LL sim 0.7146 / mkt 0.6936 / blend 0.6936 (w 0.00) · bets@0.06 n=1098 roi -0.065 z -0.7
   nhl: ml LL sim 0.6690 / mkt 0.6630 / blend 0.6630 (w 0.00) · bets@0.08 n=885 roi -0.012 z +0.6 | spread LL sim 0.6631 / mkt 0.6539 / blend 0.6538 (w 0.08) · bets@0.10 n=1242 roi -0.004 z +1.6 | total LL sim 0.6956 / mkt 0.6918 / blend 0.6919 (w 0.16) · bets@0.06 n=1542 roi +0.006 z +2.1
   closest miss: nhl|total|thr:0.08|nhl|disp=25.0|form=0.25|gain=1.5|hfa=team|pace=1.0|park=0|regress=0.6|rest=1 z=2.78
   closest miss: mlb|ml|thr:0.08|mlb|disp=7.0|form=0.0|gain=1.5|hfa=none|pace=0.5|park=1|regress=0.1|rest=1 z=2.76
   closest miss: ncaab|total|blend|ncaab|disp=1.0|form=0.5|gain=2.0|hfa=learned|pace=1.5|park=0|regress=0.6|rest=0 z=2.17
TODAY'S SIMS: 273 upcoming games x 10000 sims in 12.5s -> data/sports/sim_today.json
sim run done in 268s
THE SIMULATOR: tried 120 NEW sim configs (3486 ever) in 244.1s · 2160 cell tests (luck alone would give ~0.502 suspects)
   new suspects: 0 · promoted to PROVEN: 0 · killed: 0 · proven demoted: 0 · better-sim suspects: 1 (promoted [], killed [])
   now watching 0 suspects · 0 proven · 0 killed
   mlb: ml LL sim 0.6827 / mkt 0.6762 / blend 0.6762 (w 0.09) · bets@0.08 n=4326 roi -0.004 z +2.0 | spread LL sim 0.6843 / mkt 0.6753 / blend 0.6755 (w 0.10) · bets@0.02 n=14323 roi -0.032 z +1.0 | total LL sim 0.7049 / mkt 0.6940 / blend 0.6940 (w 0.05) · bets@0.02 n=14859 roi -0.034 z +1.2
   nba: ml LL sim 0.6167 / mkt 0.5915 / blend 0.5917 (w 0.07) · bets@0.08 n=4104 roi -0.020 z +0.3 | spread LL sim 0.7202 / mkt 0.6945 / blend 0.6945 (w 0.02) · bets@0.04 n=6979 roi -0.035 z +0.8 | total LL sim 0.7190 / mkt 0.6937 / blend 0.6937 (w 0.00) · bets@0.02 n=8348 roi -0.069 z -2.3
   ncaab: ml LL sim 0.5609 / mkt 0.5284 / blend 0.5284 (w 0.03) · bets@0.04 n=19347 roi -0.091 z +0.9 | spread LL sim 0.7338 / mkt 0.6946 / blend 0.6947 (w 0.06) · bets@0.10 n=11973 roi -0.029 z +1.8 | total LL sim 0.7099 / mkt 0.6935 / blend 0.6937 (w 0.14) · bets@0.02 n=23625 roi -0.030 z +2.5
   ncaaf: ml LL sim 0.5350 / mkt 0.4955 / blend 0.4957 (w 0.04) · bets@0.04 n=3912 roi -0.088 z +0.1 | spread LL sim 0.7379 / mkt 0.6930 / blend 0.6930 (w 0.00) · bets@0.10 n=2323 roi -0.058 z -0.6 | total LL sim 0.7120 / mkt 0.6931 / blend 0.6928 (w 0.12) · bets@0.10 n=2047 roi +0.012 z +2.8
   nfl: ml LL sim 0.6342 / mkt 0.6054 / blend 0.6054 (w 0.00) · bets@0.10 n=669 roi -0.092 z -0.5 | spread LL sim 0.7169 / mkt 0.6944 / blend 0.6949 (w 0.14) · bets@0.08 n=953 roi -0.001 z +1.4 | total LL sim 0.7146 / mkt 0.6936 / blend 0.6936 (w 0.00) · bets@0.06 n=1098 roi -0.065 z -0.7
   nhl: ml LL sim 0.6690 / mkt 0.6630 / blend 0.6630 (w 0.00) · bets@0.08 n=885 roi -0.012 z +0.6 | spread LL sim 0.6631 / mkt 0.6539 / blend 0.6538 (w 0.08) · bets@0.10 n=1242 roi -0.004 z +1.6 | total LL sim 0.6956 / mkt 0.6918 / blend 0.6919 (w 0.16) · bets@0.06 n=1542 roi +0.006 z +2.1
   better-sim suspect ncaaf|disp=1.12|form=0.5|gain=0.75|hfa=team|keys=0|pace=0.5|park=1|regress=0.1|rest=1: log loss -0.0036 (older half) -0.0015 (newer) vs the best - needs forward games
   closest miss: mlb|ml|thr:0.10|mlb|disp=5.0|form=0.5|gain=1.0|hfa=learned|pace=1.0|park=1|regress=0.2|rest=0 z=2.74
   closest miss: ncaab|total|blend|ncaab|disp=1.06|form=0.5|gain=3.0|hfa=team|pace=1.5|park=1|regress=0.4|rest=0 z=2.7
   closest miss: nhl|total|thr:0.08|nhl|disp=10.0|form=0.5|gain=0.75|hfa=learned|pace=1.5|park=0|regress=0.6|rest=1 z=2.53
TODAY'S SIMS: 273 upcoming games x 10000 sims in 12.4s -> data/sports/sim_today.json
sim run done in 259s
THE SIMULATOR: tried 120 NEW sim configs (3606 ever) in 131.7s · 2160 cell tests (luck alone would give ~0.502 suspects)
   new suspects: 0 · promoted to PROVEN: 0 · killed: 0 · proven demoted: 0 · better-sim suspects: 1 (promoted [], killed [])
   now watching 0 suspects · 0 proven · 0 killed
   mlb: ml LL sim 0.6827 / mkt 0.6762 / blend 0.6762 (w 0.09) · bets@0.08 n=4326 roi -0.004 z +2.0 | spread LL sim 0.6843 / mkt 0.6753 / blend 0.6755 (w 0.10) · bets@0.02 n=14323 roi -0.032 z +1.0 | total LL sim 0.7049 / mkt 0.6940 / blend 0.6940 (w 0.05) · bets@0.02 n=14859 roi -0.034 z +1.2
   nba: ml LL sim 0.6167 / mkt 0.5915 / blend 0.5917 (w 0.07) · bets@0.08 n=4104 roi -0.020 z +0.3 | spread LL sim 0.7202 / mkt 0.6945 / blend 0.6945 (w 0.02) · bets@0.04 n=6979 roi -0.035 z +0.8 | total LL sim 0.7190 / mkt 0.6937 / blend 0.6937 (w 0.00) · bets@0.02 n=8348 roi -0.069 z -2.3
   ncaab: ml LL sim 0.5609 / mkt 0.5284 / blend 0.5284 (w 0.03) · bets@0.04 n=19347 roi -0.091 z +0.9 | spread LL sim 0.7338 / mkt 0.6946 / blend 0.6947 (w 0.06) · bets@0.10 n=11973 roi -0.029 z +1.8 | total LL sim 0.7099 / mkt 0.6935 / blend 0.6937 (w 0.14) · bets@0.02 n=23625 roi -0.030 z +2.5
   ncaaf: ml LL sim 0.5350 / mkt 0.4955 / blend 0.4957 (w 0.04) · bets@0.04 n=3912 roi -0.088 z +0.1 | spread LL sim 0.7379 / mkt 0.6930 / blend 0.6930 (w 0.00) · bets@0.10 n=2323 roi -0.058 z -0.6 | total LL sim 0.7120 / mkt 0.6931 / blend 0.6928 (w 0.12) · bets@0.10 n=2047 roi +0.012 z +2.8
   nfl: ml LL sim 0.6342 / mkt 0.6054 / blend 0.6054 (w 0.00) · bets@0.10 n=669 roi -0.092 z -0.5 | spread LL sim 0.7169 / mkt 0.6944 / blend 0.6949 (w 0.14) · bets@0.08 n=953 roi -0.001 z +1.4 | total LL sim 0.7146 / mkt 0.6936 / blend 0.6936 (w 0.00) · bets@0.06 n=1098 roi -0.065 z -0.7
   nhl: ml LL sim 0.6690 / mkt 0.6630 / blend 0.6630 (w 0.00) · bets@0.08 n=885 roi -0.012 z +0.6 | spread LL sim 0.6631 / mkt 0.6539 / blend 0.6538 (w 0.08) · bets@0.10 n=1242 roi -0.004 z +1.6 | total LL sim 0.6956 / mkt 0.6918 / blend 0.6919 (w 0.16) · bets@0.06 n=1542 roi +0.006 z +2.1
   better-sim suspect ncaab|disp=1.12|form=0.25|gain=0.75|hfa=learned|pace=1.0|park=1|regress=0.1|rest=1: log loss -0.0070 (older half) -0.0097 (newer) vs the best - needs forward games
   closest miss: ncaaf|total|thr:0.10|ncaaf|disp=1.12|form=0.25|gain=1.0|hfa=learned|keys=1|pace=0.33|park=1|regress=0.1|rest=1 z=2.79
   closest miss: ncaaf|total|thr:0.10|ncaaf|disp=0.94|form=0.0|gain=0.75|hfa=learned|keys=1|pace=0.33|park=0|regress=0.1|rest=0 z=2.74
   closest miss: ncaab|total|blend|ncaab|disp=1.0|form=0.25|gain=3.0|hfa=none|pace=1.5|park=1|regress=0.6|rest=0 z=2.49
TODAY'S SIMS: 269 upcoming games x 10000 sims in 6.5s -> data/sports/sim_today.json
sim run done in 140s
